Archive member included to satisfy reference by file (symbol)

/usr/local/Cellar/arm-none-eabi-gcc/10.3-2021.07/gcc/bin/../lib/gcc/arm-none-eabi/10.3.1/thumb/v6-m/nofp/libgcc.a(_dvmd_tls.o)
                              CMakeFiles/server.dir/Users/lino/Research/pico-sdk/src/rp2_common/pico_divider/divider.S.obj (__aeabi_idiv0)
/usr/local/Cellar/arm-none-eabi-gcc/10.3-2021.07/gcc/bin/../lib/gcc/arm-none-eabi/10.3.1/../../../../arm-none-eabi/lib/thumb/v6-m/nofp/libg.a(lib_a-calloc.o)
                              CMakeFiles/server.dir/Users/lino/Research/pico-sdk/src/rp2_common/pico_malloc/pico_malloc.c.obj (calloc)
/usr/local/Cellar/arm-none-eabi-gcc/10.3-2021.07/gcc/bin/../lib/gcc/arm-none-eabi/10.3.1/../../../../arm-none-eabi/lib/thumb/v6-m/nofp/libg.a(lib_a-callocr.o)
                              /usr/local/Cellar/arm-none-eabi-gcc/10.3-2021.07/gcc/bin/../lib/gcc/arm-none-eabi/10.3.1/../../../../arm-none-eabi/lib/thumb/v6-m/nofp/libg.a(lib_a-calloc.o) (_calloc_r)
/usr/local/Cellar/arm-none-eabi-gcc/10.3-2021.07/gcc/bin/../lib/gcc/arm-none-eabi/10.3.1/../../../../arm-none-eabi/lib/thumb/v6-m/nofp/libg.a(lib_a-ctype_.o)
                              CMakeFiles/server.dir/Users/lino/Research/pico-sdk/lib/tinyusb/src/tusb.c.obj (_ctype_)
/usr/local/Cellar/arm-none-eabi-gcc/10.3-2021.07/gcc/bin/../lib/gcc/arm-none-eabi/10.3.1/../../../../arm-none-eabi/lib/thumb/v6-m/nofp/libg.a(lib_a-errno.o)
                              /usr/local/Cellar/arm-none-eabi-gcc/10.3-2021.07/gcc/bin/../lib/gcc/arm-none-eabi/10.3.1/../../../../arm-none-eabi/lib/thumb/v6-m/nofp/libg.a(lib_a-callocr.o) (__errno)
/usr/local/Cellar/arm-none-eabi-gcc/10.3-2021.07/gcc/bin/../lib/gcc/arm-none-eabi/10.3.1/../../../../arm-none-eabi/lib/thumb/v6-m/nofp/libg.a(lib_a-impure.o)
                              /usr/local/Cellar/arm-none-eabi-gcc/10.3-2021.07/gcc/bin/../lib/gcc/arm-none-eabi/10.3.1/../../../../arm-none-eabi/lib/thumb/v6-m/nofp/libg.a(lib_a-calloc.o) (_impure_ptr)
/usr/local/Cellar/arm-none-eabi-gcc/10.3-2021.07/gcc/bin/../lib/gcc/arm-none-eabi/10.3.1/../../../../arm-none-eabi/lib/thumb/v6-m/nofp/libg.a(lib_a-init.o)
                              /usr/local/Cellar/arm-none-eabi-gcc/10.3-2021.07/gcc/bin/../lib/gcc/arm-none-eabi/10.3.1/../../../../arm-none-eabi/lib/thumb/v6-m/nofp/crt0.o (__libc_init_array)
/usr/local/Cellar/arm-none-eabi-gcc/10.3-2021.07/gcc/bin/../lib/gcc/arm-none-eabi/10.3.1/../../../../arm-none-eabi/lib/thumb/v6-m/nofp/libg.a(lib_a-malloc.o)
                              CMakeFiles/server.dir/Users/lino/Research/pico-sdk/src/rp2_common/pico_malloc/pico_malloc.c.obj (malloc)
/usr/local/Cellar/arm-none-eabi-gcc/10.3-2021.07/gcc/bin/../lib/gcc/arm-none-eabi/10.3.1/../../../../arm-none-eabi/lib/thumb/v6-m/nofp/libg.a(lib_a-mallocr.o)
                              /usr/local/Cellar/arm-none-eabi-gcc/10.3-2021.07/gcc/bin/../lib/gcc/arm-none-eabi/10.3.1/../../../../arm-none-eabi/lib/thumb/v6-m/nofp/libg.a(lib_a-callocr.o) (_malloc_r)
/usr/local/Cellar/arm-none-eabi-gcc/10.3-2021.07/gcc/bin/../lib/gcc/arm-none-eabi/10.3.1/../../../../arm-none-eabi/lib/thumb/v6-m/nofp/libg.a(lib_a-mlock.o)
                              /usr/local/Cellar/arm-none-eabi-gcc/10.3-2021.07/gcc/bin/../lib/gcc/arm-none-eabi/10.3.1/../../../../arm-none-eabi/lib/thumb/v6-m/nofp/libg.a(lib_a-mallocr.o) (__malloc_lock)
/usr/local/Cellar/arm-none-eabi-gcc/10.3-2021.07/gcc/bin/../lib/gcc/arm-none-eabi/10.3.1/../../../../arm-none-eabi/lib/thumb/v6-m/nofp/libg.a(lib_a-sbrkr.o)
                              /usr/local/Cellar/arm-none-eabi-gcc/10.3-2021.07/gcc/bin/../lib/gcc/arm-none-eabi/10.3.1/../../../../arm-none-eabi/lib/thumb/v6-m/nofp/libg.a(lib_a-mallocr.o) (_sbrk_r)
/usr/local/Cellar/arm-none-eabi-gcc/10.3-2021.07/gcc/bin/../lib/gcc/arm-none-eabi/10.3.1/../../../../arm-none-eabi/lib/thumb/v6-m/nofp/libg.a(lib_a-strlen-stub.o)
                              CMakeFiles/server.dir/Users/lino/Research/pico-sdk/src/rp2_common/pico_stdio/stdio.c.obj (strlen)
/usr/local/Cellar/arm-none-eabi-gcc/10.3-2021.07/gcc/bin/../lib/gcc/arm-none-eabi/10.3.1/../../../../arm-none-eabi/lib/thumb/v6-m/nofp/libg.a(lib_a-freer.o)
                              /usr/local/Cellar/arm-none-eabi-gcc/10.3-2021.07/gcc/bin/../lib/gcc/arm-none-eabi/10.3.1/../../../../arm-none-eabi/lib/thumb/v6-m/nofp/libg.a(lib_a-malloc.o) (_free_r)
/usr/local/Cellar/arm-none-eabi-gcc/10.3-2021.07/gcc/bin/../lib/gcc/arm-none-eabi/10.3.1/../../../../arm-none-eabi/lib/thumb/v6-m/nofp/libg.a(lib_a-lock.o)
                              /usr/local/Cellar/arm-none-eabi-gcc/10.3-2021.07/gcc/bin/../lib/gcc/arm-none-eabi/10.3.1/../../../../arm-none-eabi/lib/thumb/v6-m/nofp/libg.a(lib_a-mlock.o) (__retarget_lock_acquire_recursive)
/usr/local/Cellar/arm-none-eabi-gcc/10.3-2021.07/gcc/bin/../lib/gcc/arm-none-eabi/10.3.1/../../../../arm-none-eabi/lib/thumb/v6-m/nofp/libg.a(lib_a-reent.o)
[...]
Memory Configuration

Name             Origin             Length             Attributes
FLASH            0x0000000010000000 0x0000000000200000 xr
RAM              0x0000000020000000 0x0000000000040000 xrw
SCRATCH_X        0x0000000020040000 0x0000000000001000 xrw
SCRATCH_Y        0x0000000020041000 0x0000000000001000 xrw
*default*        0x0000000000000000 0xffffffffffffffff

Linker script and memory map

LOAD /usr/local/Cellar/arm-none-eabi-gcc/10.3-2021.07/gcc/bin/../lib/gcc/arm-none-eabi/10.3.1/thumb/v6-m/nofp/crti.o
LOAD /usr/local/Cellar/arm-none-eabi-gcc/10.3-2021.07/gcc/bin/../lib/gcc/arm-none-eabi/10.3.1/thumb/v6-m/nofp/crtbegin.o
LOAD /usr/local/Cellar/arm-none-eabi-gcc/10.3-2021.07/gcc/bin/../lib/gcc/arm-none-eabi/10.3.1/../../../../arm-none-eabi/lib/thumb/v6-m/nofp/crt0.o

.flash_begin    0x0000000010000000        0x0
                0x0000000010000000                __flash_binary_start = .

.boot2          0x0000000010000000      0x100
                0x0000000010000000                __boot2_start__ = .
 *(.boot2)
 .boot2         0x0000000010000000      0x100 /var/folders/6h/0f1zp6_s125f8mk3rm2b8tqr0000gn/T//ccdS9JuJ.o
                0x0000000010000100                __boot2_end__ = .
                0x0000000000000001                ASSERT (((__boot2_end__ - __boot2_start__) == 0x100), ERROR: Pico second stage bootloader must be 256 bytes in size)

.text           0x0000000010000100     0x6ce0
                0x0000000010000100                __logical_binary_start = .
 *(.vectors)
 .vectors       0x0000000010000100       0xd4 CMakeFiles/server.dir/Users/lino/Research/pico-sdk/src/rp2_common/pico_standard_link/crt0.S.obj
                0x0000000010000100                __VECTOR_TABLE
                0x0000000010000100                __vectors
                0x00000000100001c0                __default_isrs_start
                0x00000000100001c0                isr_invalid
                0x00000000100001c2                isr_nmi
                0x00000000100001c4                isr_hardfault
                0x00000000100001c6                isr_svcall
                0x00000000100001c8                isr_pendsv
                0x00000000100001ca                isr_systick
                0x00000000100001cc                isr_irq28
                0x00000000100001cc                isr_irq19
                0x00000000100001cc                isr_irq0
                0x00000000100001cc                isr_irq6
                0x00000000100001cc                isr_irq22
                0x00000000100001cc                isr_irq17
                0x00000000100001cc                isr_irq14
                0x00000000100001cc                isr_irq2
                0x00000000100001cc                isr_irq10
                0x00000000100001cc                isr_irq8
                0x00000000100001cc                isr_irq24
                0x00000000100001cc                isr_irq1
                0x00000000100001cc                isr_irq7
                0x00000000100001cc                isr_irq21
                0x00000000100001cc                isr_irq20
                0x00000000100001cc                isr_irq15
                0x00000000100001cc                isr_irq25
                0x00000000100001cc                isr_irq4
                0x00000000100001cc                isr_irq16
                0x00000000100001cc                isr_irq29
                0x00000000100001cc                isr_irq26
                0x00000000100001cc                __default_isrs_end
                0x00000000100001cc                isr_irq3
                0x00000000100001cc                isr_irq9
                0x00000000100001cc                __unhandled_user_irq
                0x00000000100001cc                isr_irq13
                0x00000000100001cc                isr_irq27
                0x00000000100001cc                isr_irq31
                0x00000000100001cc                isr_irq5
                0x00000000100001cc                isr_irq11
                0x00000000100001cc                isr_irq23
                0x00000000100001cc                isr_irq18
                0x00000000100001cc                isr_irq30
                0x00000000100001cc                isr_irq12
                0x00000000100001d2                unhandled_user_irq_num_in_r0
 *(.binary_info_header)
 .binary_info_header
                0x00000000100001d4       0x14 CMakeFiles/server.dir/Users/lino/Research/pico-sdk/src/rp2_common/pico_standard_link/crt0.S.obj
                0x00000000100001e8                __binary_info_header_end = .
 *(.reset)
 .reset         0x00000000100001e8       0xa8 CMakeFiles/server.dir/Users/lino/Research/pico-sdk/src/rp2_common/pico_standard_link/crt0.S.obj
                0x00000000100001e8                _entry_point
                0x0000000010000266                __get_current_exception
 .reset         0x0000000010000290       0x30 CMakeFiles/server.dir/Users/lino/Research/pico-sdk/src/rp2_common/pico_standard_link/binary_info.c.obj
 *(.init)
 .init          0x00000000100002c0        0x4 /usr/local/Cellar/arm-none-eabi-gcc/10.3-2021.07/gcc/bin/../lib/gcc/arm-none-eabi/10.3.1/thumb/v6-m/nofp/crti.o
                0x00000000100002c0                _init
 *(EXCLUDE_FILE(*libm.a: *libc.a:*lib_a-mem*.o *libgcc.a:) .text*)
 .text          0x00000000100002c4       0x48 /usr/local/Cellar/arm-none-eabi-gcc/10.3-2021.07/gcc/bin/../lib/gcc/arm-none-eabi/10.3.1/thumb/v6-m/nofp/crtbegin.o
 .text.main     0x000000001000030c       0x14 CMakeFiles/server.dir/server.c.obj
                0x000000001000030c                main
 .text.hw_claim_lock
                0x0000000010000320       0x18 CMakeFiles/server.dir/Users/lino/Research/pico-sdk/src/rp2_common/hardware_claim/claim.c.obj
                0x0000000010000320                hw_claim_lock
 .text.hw_claim_unlock
                0x0000000010000338       0x14 CMakeFiles/server.dir/Users/lino/Research/pico-sdk/src/rp2_common/hardware_claim/claim.c.obj
                0x0000000010000338                hw_claim_unlock
 .text.hw_claim_or_assert
                0x000000001000034c       0x32 CMakeFiles/server.dir/Users/lino/Research/pico-sdk/src/rp2_common/hardware_claim/claim.c.obj
                0x000000001000034c                hw_claim_or_assert
 .text.hw_claim_unused_from_range
                0x000000001000037e       0x50 CMakeFiles/server.dir/Users/lino/Research/pico-sdk/src/rp2_common/hardware_claim/claim.c.obj
                0x000000001000037e                hw_claim_unused_from_range
 *fill*         0x00000000100003ce        0x2 
 .text.running_on_fpga
                0x00000000100003d0       0x14 CMakeFiles/server.dir/Users/lino/Research/pico-sdk/src/rp2_common/pico_platform/platform.c.obj
                0x00000000100003d0                running_on_fpga
 .text.spin_locks_reset
                0x00000000100003e4       0x20 CMakeFiles/server.dir/Users/lino/Research/pico-sdk/src/rp2_common/hardware_sync/sync.c.obj
                0x00000000100003e4                spin_locks_reset
 .text.next_striped_spin_lock_num
                0x0000000010000404       0x1c CMakeFiles/server.dir/Users/lino/Research/pico-sdk/src/rp2_common/hardware_sync/sync.c.obj
                0x0000000010000404                next_striped_spin_lock_num
 .text.spin_lock_claim_unused
                0x0000000010000420       0x20 CMakeFiles/server.dir/Users/lino/Research/pico-sdk/src/rp2_common/hardware_sync/sync.c.obj
                0x0000000010000420                spin_lock_claim_unused
 .text.alarm_pool_post_alloc_init
                0x0000000010000440       0x40 CMakeFiles/server.dir/Users/lino/Research/pico-sdk/src/common/pico_time/time.c.obj
 .text.sleep_until_callback
                0x0000000010000480       0x30 CMakeFiles/server.dir/Users/lino/Research/pico-sdk/src/common/pico_time/time.c.obj
 .text.timer_pool_entry_comparator
                0x00000000100004b0       0x7c CMakeFiles/server.dir/Users/lino/Research/pico-sdk/src/common/pico_time/time.c.obj
                0x00000000100004b0                timer_pool_entry_comparator
 .text.ph_add_child_node
                0x000000001000052c       0xa4 CMakeFiles/server.dir/Users/lino/Research/pico-sdk/src/common/pico_time/time.c.obj
 .text.ph_merge_nodes
                0x00000000100005d0       0x3e CMakeFiles/server.dir/Users/lino/Research/pico-sdk/src/common/pico_time/time.c.obj
 *fill*         0x000000001000060e        0x2 
 .text.add_alarm_under_lock
                0x0000000010000610      0x174 CMakeFiles/server.dir/Users/lino/Research/pico-sdk/src/common/pico_time/time.c.obj
 .text.alarm_pool_alarm_callback
                0x0000000010000784      0x328 CMakeFiles/server.dir/Users/lino/Research/pico-sdk/src/common/pico_time/time.c.obj
 .text.alarm_pool_init_default
                0x0000000010000aac       0x38 CMakeFiles/server.dir/Users/lino/Research/pico-sdk/src/common/pico_time/time.c.obj
                0x0000000010000aac                alarm_pool_init_default
 .text.alarm_pool_get_default
                0x0000000010000ae4       0x2c CMakeFiles/server.dir/Users/lino/Research/pico-sdk/src/common/pico_time/time.c.obj
                0x0000000010000ae4                alarm_pool_get_default
 .text.alarm_pool_add_alarm_at
                0x0000000010000b10      0x170 CMakeFiles/server.dir/Users/lino/Research/pico-sdk/src/common/pico_time/time.c.obj
                0x0000000010000b10                alarm_pool_add_alarm_at
 .text.alarm_pool_cancel_alarm
                0x0000000010000c80       0xf0 CMakeFiles/server.dir/Users/lino/Research/pico-sdk/src/common/pico_time/time.c.obj
                0x0000000010000c80                alarm_pool_cancel_alarm
 .text.best_effort_wfe_or_timeout
                0x0000000010000d70       0x80 CMakeFiles/server.dir/Users/lino/Research/pico-sdk/src/common/pico_time/time.c.obj
                0x0000000010000d70                best_effort_wfe_or_timeout
 .text.hardware_alarm_irq_handler
                0x0000000010000df0       0x8c CMakeFiles/server.dir/Users/lino/Research/pico-sdk/src/rp2_common/hardware_timer/timer.c.obj
 .text.hardware_alarm_claim
                0x0000000010000e7c       0x18 CMakeFiles/server.dir/Users/lino/Research/pico-sdk/src/rp2_common/hardware_timer/timer.c.obj
                0x0000000010000e7c                hardware_alarm_claim
 .text.time_us_64
                0x0000000010000e94       0x18 CMakeFiles/server.dir/Users/lino/Research/pico-sdk/src/rp2_common/hardware_timer/timer.c.obj
                0x0000000010000e94                time_us_64
 .text.hardware_alarm_set_callback
                0x0000000010000eac       0x90 CMakeFiles/server.dir/Users/lino/Research/pico-sdk/src/rp2_common/hardware_timer/timer.c.obj
                0x0000000010000eac                hardware_alarm_set_callback
 .text.hardware_alarm_set_target
                0x0000000010000f3c       0xe8 CMakeFiles/server.dir/Users/lino/Research/pico-sdk/src/rp2_common/hardware_timer/timer.c.obj
                0x0000000010000f3c                hardware_alarm_set_target
 .text.hardware_alarm_cancel
                0x0000000010001024       0x40 CMakeFiles/server.dir/Users/lino/Research/pico-sdk/src/rp2_common/hardware_timer/timer.c.obj
                0x0000000010001024                hardware_alarm_cancel
 .text.lock_init
                0x0000000010001064       0x10 CMakeFiles/server.dir/Users/lino/Research/pico-sdk/src/common/pico_sync/lock_core.c.obj
                0x0000000010001064                lock_init
 .text.mutex_init
                0x0000000010001074       0x1a CMakeFiles/server.dir/Users/lino/Research/pico-sdk/src/common/pico_sync/mutex.c.obj
                0x0000000010001074                mutex_init
 .text.recursive_mutex_init
                0x000000001000108e       0x1e CMakeFiles/server.dir/Users/lino/Research/pico-sdk/src/common/pico_sync/mutex.c.obj
                0x000000001000108e                recursive_mutex_init
 .text.critical_section_init_with_lock_num
                0x00000000100010ac       0x14 CMakeFiles/server.dir/Users/lino/Research/pico-sdk/src/common/pico_sync/critical_section.c.obj
                0x00000000100010ac                critical_section_init_with_lock_num
 .text.critical_section_init
                0x00000000100010c0       0x14 CMakeFiles/server.dir/Users/lino/Research/pico-sdk/src/common/pico_sync/critical_section.c.obj
                0x00000000100010c0                critical_section_init
 .text.ph_add_child_node
                0x00000000100010d4       0xa4 CMakeFiles/server.dir/Users/lino/Research/pico-sdk/src/common/pico_util/pheap.c.obj
 .text.ph_merge_nodes
                0x0000000010001178       0x3e CMakeFiles/server.dir/Users/lino/Research/pico-sdk/src/common/pico_util/pheap.c.obj
 *fill*         0x00000000100011b6        0x2 
 .text.ph_clear
                0x00000000100011b8       0x70 CMakeFiles/server.dir/Users/lino/Research/pico-sdk/src/common/pico_util/pheap.c.obj
                0x00000000100011b8                ph_clear
 .text.ph_post_alloc_init
                0x0000000010001228        0xe CMakeFiles/server.dir/Users/lino/Research/pico-sdk/src/common/pico_util/pheap.c.obj
                0x0000000010001228                ph_post_alloc_init
 *fill*         0x0000000010001236        0x2 
 .text.ph_merge_two_pass
                0x0000000010001238       0xa8 CMakeFiles/server.dir/Users/lino/Research/pico-sdk/src/common/pico_util/pheap.c.obj
                0x0000000010001238                ph_merge_two_pass
 .text.ph_remove_any_head
                0x00000000100012e0      0x108 CMakeFiles/server.dir/Users/lino/Research/pico-sdk/src/common/pico_util/pheap.c.obj
 .text.ph_remove_head
                0x00000000100013e8       0x14 CMakeFiles/server.dir/Users/lino/Research/pico-sdk/src/common/pico_util/pheap.c.obj
                0x00000000100013e8                ph_remove_head
 .text.ph_remove_and_free_node
                0x00000000100013fc       0xf8 CMakeFiles/server.dir/Users/lino/Research/pico-sdk/src/common/pico_util/pheap.c.obj
                0x00000000100013fc                ph_remove_and_free_node
 .text._exit    0x00000000100014f4        0x4 CMakeFiles/server.dir/Users/lino/Research/pico-sdk/src/rp2_common/pico_runtime/runtime.c.obj
                0x00000000100014f4                _exit
 .text.exit     0x00000000100014f8        0x6 CMakeFiles/server.dir/Users/lino/Research/pico-sdk/src/rp2_common/pico_runtime/runtime.c.obj
                0x00000000100014f8                exit
 *fill*         0x00000000100014fe        0x2 
 .text.__assert_func
                0x0000000010001500       0x3c CMakeFiles/server.dir/Users/lino/Research/pico-sdk/src/rp2_common/pico_runtime/runtime.c.obj
                0x0000000010001500                __assert_func
 .text.runtime_init
                0x000000001000153c       0xf8 CMakeFiles/server.dir/Users/lino/Research/pico-sdk/src/rp2_common/pico_runtime/runtime.c.obj
                0x000000001000153c                runtime_init
 .text.panic    0x0000000010001634       0x30 CMakeFiles/server.dir/Users/lino/Research/pico-sdk/src/rp2_common/pico_runtime/runtime.c.obj
                0x0000000010001634                panic
 .text.clock_configure
                0x0000000010001664      0x104 CMakeFiles/server.dir/Users/lino/Research/pico-sdk/src/rp2_common/hardware_clocks/clocks.c.obj
                0x0000000010001664                clock_configure
 .text.clocks_init
                0x0000000010001768      0x100 CMakeFiles/server.dir/Users/lino/Research/pico-sdk/src/rp2_common/hardware_clocks/clocks.c.obj
                0x0000000010001768                clocks_init
 .text.set_raw_irq_handler_and_unlock
                0x0000000010001868       0x28 CMakeFiles/server.dir/Users/lino/Research/pico-sdk/src/rp2_common/hardware_irq/irq.c.obj
 .text.make_branch
                0x0000000010001890       0x48 CMakeFiles/server.dir/Users/lino/Research/pico-sdk/src/rp2_common/hardware_irq/irq.c.obj
 .text.insert_branch_and_link
                0x00000000100018d8       0x40 CMakeFiles/server.dir/Users/lino/Research/pico-sdk/src/rp2_common/hardware_irq/irq.c.obj
 .text.irq_is_enabled
                0x0000000010001918       0x18 CMakeFiles/server.dir/Users/lino/Research/pico-sdk/src/rp2_common/hardware_irq/irq.c.obj
                0x0000000010001918                irq_is_enabled
 .text.irq_set_mask_enabled
                0x0000000010001930       0x20 CMakeFiles/server.dir/Users/lino/Research/pico-sdk/src/rp2_common/hardware_irq/irq.c.obj
                0x0000000010001930                irq_set_mask_enabled
 .text.irq_set_enabled
                0x0000000010001950        0xe CMakeFiles/server.dir/Users/lino/Research/pico-sdk/src/rp2_common/hardware_irq/irq.c.obj
                0x0000000010001950                irq_set_enabled
 *fill*         0x000000001000195e        0x2 
 .text.irq_set_pending
                0x0000000010001960       0x10 CMakeFiles/server.dir/Users/lino/Research/pico-sdk/src/rp2_common/hardware_irq/irq.c.obj
                0x0000000010001960                irq_set_pending
 .text.irq_get_vtable_handler
                0x0000000010001970       0x10 CMakeFiles/server.dir/Users/lino/Research/pico-sdk/src/rp2_common/hardware_irq/irq.c.obj
                0x0000000010001970                irq_get_vtable_handler
 .text.irq_set_exclusive_handler
                0x0000000010001980       0x54 CMakeFiles/server.dir/Users/lino/Research/pico-sdk/src/rp2_common/hardware_irq/irq.c.obj
                0x0000000010001980                irq_set_exclusive_handler
 .text.irq_remove_handler
                0x00000000100019d4      0x1a8 CMakeFiles/server.dir/Users/lino/Research/pico-sdk/src/rp2_common/hardware_irq/irq.c.obj
                0x00000000100019d4                irq_remove_handler
 .text.irq_add_tail_to_free_list
                0x0000000010001b7c       0xf0 CMakeFiles/server.dir/Users/lino/Research/pico-sdk/src/rp2_common/hardware_irq/irq.c.obj
                0x0000000010001b7c                irq_add_tail_to_free_list
 .text.irq_init_priorities
                0x0000000010001c6c       0x1c CMakeFiles/server.dir/Users/lino/Research/pico-sdk/src/rp2_common/hardware_irq/irq.c.obj
                0x0000000010001c6c                irq_init_priorities
 .text.pll_init
                0x0000000010001c88      0x120 CMakeFiles/server.dir/Users/lino/Research/pico-sdk/src/rp2_common/hardware_pll/pll.c.obj
                0x0000000010001c88                pll_init
 .text.watchdog_start_tick
                0x0000000010001da8       0x10 CMakeFiles/server.dir/Users/lino/Research/pico-sdk/src/rp2_common/hardware_watchdog/watchdog.c.obj
                0x0000000010001da8                watchdog_start_tick
 .text.watchdog_update
                0x0000000010001db8       0x14 CMakeFiles/server.dir/Users/lino/Research/pico-sdk/src/rp2_common/hardware_watchdog/watchdog.c.obj
                0x0000000010001db8                watchdog_update
 .text._watchdog_enable
                0x0000000010001dcc       0x78 CMakeFiles/server.dir/Users/lino/Research/pico-sdk/src/rp2_common/hardware_watchdog/watchdog.c.obj
                0x0000000010001dcc                _watchdog_enable
 .text.watchdog_reboot
                0x0000000010001e44       0x48 CMakeFiles/server.dir/Users/lino/Research/pico-sdk/src/rp2_common/hardware_watchdog/watchdog.c.obj
                0x0000000010001e44                watchdog_reboot
 .text.xosc_init
                0x0000000010001e8c       0x28 CMakeFiles/server.dir/Users/lino/Research/pico-sdk/src/rp2_common/hardware_xosc/xosc.c.obj
                0x0000000010001e8c                xosc_init
 .text._out_null
                0x0000000010001eb4        0x2 CMakeFiles/server.dir/Users/lino/Research/pico-sdk/src/rp2_common/pico_printf/printf.c.obj
 .text._out_fct
                0x0000000010001eb6        0xe CMakeFiles/server.dir/Users/lino/Research/pico-sdk/src/rp2_common/pico_printf/printf.c.obj
 .text._atoi    0x0000000010001ec4       0x24 CMakeFiles/server.dir/Users/lino/Research/pico-sdk/src/rp2_common/pico_printf/printf.c.obj
 .text._out_rev
                0x0000000010001ee8       0xae CMakeFiles/server.dir/Users/lino/Research/pico-sdk/src/rp2_common/pico_printf/printf.c.obj
 .text._ntoa_format
                0x0000000010001f96      0x112 CMakeFiles/server.dir/Users/lino/Research/pico-sdk/src/rp2_common/pico_printf/printf.c.obj
 .text._ntoa_long
                0x00000000100020a8       0xbc CMakeFiles/server.dir/Users/lino/Research/pico-sdk/src/rp2_common/pico_printf/printf.c.obj
 .text._ntoa_long_long
                0x0000000010002164       0xe2 CMakeFiles/server.dir/Users/lino/Research/pico-sdk/src/rp2_common/pico_printf/printf.c.obj
 *fill*         0x0000000010002246        0x2 
 .text._etoa    0x0000000010002248      0x414 CMakeFiles/server.dir/Users/lino/Research/pico-sdk/src/rp2_common/pico_printf/printf.c.obj
 .text._ftoa    0x000000001000265c      0x354 CMakeFiles/server.dir/Users/lino/Research/pico-sdk/src/rp2_common/pico_printf/printf.c.obj
 .text._vsnprintf
                0x00000000100029b0      0x624 CMakeFiles/server.dir/Users/lino/Research/pico-sdk/src/rp2_common/pico_printf/printf.c.obj
 .text.vfctprintf
                0x0000000010002fd4       0x20 CMakeFiles/server.dir/Users/lino/Research/pico-sdk/src/rp2_common/pico_printf/printf.c.obj
                0x0000000010002fd4                vfctprintf
 .text          0x0000000010002ff4       0x10 CMakeFiles/server.dir/Users/lino/Research/pico-sdk/src/rp2_common/pico_bit_ops/bit_ops_aeabi.S.obj
 .text.rom_func_lookup
                0x0000000010003004       0x10 CMakeFiles/server.dir/Users/lino/Research/pico-sdk/src/rp2_common/pico_bootrom/bootrom.c.obj
                0x0000000010003004                rom_func_lookup
 .text.rom_data_lookup
                0x0000000010003014       0x10 CMakeFiles/server.dir/Users/lino/Research/pico-sdk/src/rp2_common/pico_bootrom/bootrom.c.obj
                0x0000000010003014                rom_data_lookup
 .text.rom_funcs_lookup
                0x0000000010003024       0x36 CMakeFiles/server.dir/Users/lino/Research/pico-sdk/src/rp2_common/pico_bootrom/bootrom.c.obj
                0x0000000010003024                rom_funcs_lookup
 *fill*         0x000000001000305a        0x2 
 .text.__wrap___aeabi_idiv
                0x000000001000305c       0x50 CMakeFiles/server.dir/Users/lino/Research/pico-sdk/src/rp2_common/pico_divider/divider.S.obj
                0x000000001000305c                __wrap___aeabi_idivmod
                0x000000001000305c                divmod_s32s32
                0x000000001000305c                div_s32s32
                0x000000001000305c                __wrap___aeabi_idiv
                0x0000000010003064                divmod_s32s32_unsafe
                0x0000000010003090                divmod_s32s32_savestate
 .text.__wrap___aeabi_uidiv
                0x00000000100030ac       0x4c CMakeFiles/server.dir/Users/lino/Research/pico-sdk/src/rp2_common/pico_divider/divider.S.obj
                0x00000000100030ac                __wrap___aeabi_uidiv
                0x00000000100030ac                __wrap___aeabi_uidivmod
                0x00000000100030ac                div_u32u32
                0x00000000100030ac                divmod_u32u32
                0x00000000100030b4                divmod_u32u32_unsafe
                0x00000000100030dc                divmod_u32u32_savestate
 .text.__wrap___aeabi_ldiv
                0x00000000100030f8      0x434 CMakeFiles/server.dir/Users/lino/Research/pico-sdk/src/rp2_common/pico_divider/divider.S.obj
                0x00000000100030f8                __wrap___aeabi_ldivmod
                0x00000000100030f8                div_s64s64
                0x00000000100030f8                divmod_s64s64
                0x0000000010003130                divmod_u64u64
                0x0000000010003130                div_u64u64
                0x0000000010003130                __wrap___aeabi_uldivmod
                0x0000000010003140                divmod_u64u64_savestate
                0x0000000010003168                divmod_s64s64_unsafe
                0x00000000100031f0                divmod_u64u64_unsafe
 .text.__wrap___aeabi_darithmetic
                0x000000001000352c       0x80 CMakeFiles/server.dir/Users/lino/Research/pico-sdk/src/rp2_common/pico_double/double_aeabi.S.obj
                0x000000001000352c                __wrap___aeabi_drsub
                0x0000000010003532                __wrap___aeabi_dsub
                0x0000000010003544                __wrap___aeabi_dadd
                0x0000000010003556                __wrap___aeabi_ddiv
                0x0000000010003592                __wrap___aeabi_dmul
 .text.__wrap___aeabi_cdcmple
                0x00000000100035ac       0x6c CMakeFiles/server.dir/Users/lino/Research/pico-sdk/src/rp2_common/pico_double/double_aeabi.S.obj
                0x00000000100035ac                __wrap___aeabi_cdrcmple
                0x00000000100035bc                __wrap___aeabi_cdcmple
                0x00000000100035bc                __wrap___aeabi_cdcmpeq
 .text.__wrap___aeabi_dcmplt
                0x0000000010003618        0xc CMakeFiles/server.dir/Users/lino/Research/pico-sdk/src/rp2_common/pico_double/double_aeabi.S.obj
                0x0000000010003618                __wrap___aeabi_dcmplt
 .text.__wrap___aeabi_dcmple
                0x0000000010003624       0x10 CMakeFiles/server.dir/Users/lino/Research/pico-sdk/src/rp2_common/pico_double/double_aeabi.S.obj
                0x0000000010003624                __wrap___aeabi_dcmple
 .text.__wrap___aeabi_dcmpge
                0x0000000010003634       0x10 CMakeFiles/server.dir/Users/lino/Research/pico-sdk/src/rp2_common/pico_double/double_aeabi.S.obj
                0x0000000010003634                __wrap___aeabi_dcmpge
 .text.__wrap___aeabi_dcmpgt
                0x0000000010003644        0xa CMakeFiles/server.dir/Users/lino/Research/pico-sdk/src/rp2_common/pico_double/double_aeabi.S.obj
                0x0000000010003644                __wrap___aeabi_dcmpgt
 .text.__wrap___aeabi_dcmpun
                0x000000001000364e       0x1c CMakeFiles/server.dir/Users/lino/Research/pico-sdk/src/rp2_common/pico_double/double_aeabi.S.obj
                0x000000001000364e                __wrap___aeabi_dcmpun
 *fill*         0x000000001000366a        0x2 
 .text.__wrap___aeabi_i2d
                0x000000001000366c       0x38 CMakeFiles/server.dir/Users/lino/Research/pico-sdk/src/rp2_common/pico_double/double_aeabi.S.obj
                0x000000001000366c                __wrap___aeabi_ui2d
                0x0000000010003674                __wrap___aeabi_i2d
 .text.__wrap___aeabi_d2iz
                0x00000000100036a4       0x48 CMakeFiles/server.dir/Users/lino/Research/pico-sdk/src/rp2_common/pico_double/double_aeabi.S.obj
                0x00000000100036a4                __wrap___aeabi_d2iz
                0x00000000100036a4                double2int_z
 .text.__wrap___aeabi_d2uiz
                0x00000000100036ec       0x18 CMakeFiles/server.dir/Users/lino/Research/pico-sdk/src/rp2_common/pico_double/double_aeabi.S.obj
                0x00000000100036ec                double2uint
                0x00000000100036ec                __wrap___aeabi_d2uiz
 .text.__aeabi_double_init
                0x0000000010003704       0xc8 CMakeFiles/server.dir/Users/lino/Research/pico-sdk/src/rp2_common/pico_double/double_init_rom.c.obj
                0x0000000010003704                __aeabi_double_init
 .text.double_table_shim_on_use_helper
                0x00000000100037cc       0x34 CMakeFiles/server.dir/Users/lino/Research/pico-sdk/src/rp2_common/pico_double/double_v1_rom_shim.S.obj
                0x00000000100037cc                double_table_shim_on_use_helper
 .text.__wrap___aeabi_dsub
                0x0000000010003800       0x10 CMakeFiles/server.dir/Users/lino/Research/pico-sdk/src/rp2_common/pico_double/double_v1_rom_shim.S.obj
                0x0000000010003800                drsub_shim
                0x0000000010003806                dsub_shim
 .text.dadd_shim
                0x0000000010003810      0x15c CMakeFiles/server.dir/Users/lino/Research/pico-sdk/src/rp2_common/pico_double/double_v1_rom_shim.S.obj
                0x0000000010003810                dadd_shim
 .text.dmul_shim
                0x000000001000396c      0x15c CMakeFiles/server.dir/Users/lino/Research/pico-sdk/src/rp2_common/pico_double/double_v1_rom_shim.S.obj
                0x000000001000396c                dmul_shim
 .text.ddiv_shim
                0x0000000010003ac8      0x1b0 CMakeFiles/server.dir/Users/lino/Research/pico-sdk/src/rp2_common/pico_double/double_v1_rom_shim.S.obj
                0x0000000010003ac8                ddiv_shim
 .text.double2uint_shim
                0x0000000010003c78        0xe CMakeFiles/server.dir/Users/lino/Research/pico-sdk/src/rp2_common/pico_double/double_v1_rom_shim.S.obj
                0x0000000010003c78                double2uint_shim
                0x0000000010003c7a                double2ufix_shim
 *fill*         0x0000000010003c86        0x2 
 .text.double2uint64_shim
                0x0000000010003c88       0x70 CMakeFiles/server.dir/Users/lino/Research/pico-sdk/src/rp2_common/pico_double/double_v1_rom_shim.S.obj
                0x0000000010003c88                double2uint64_shim
                0x0000000010003c8a                double2ufix64_shim
                0x0000000010003caa                d2fix_a
 .text.dunpacks
                0x0000000010003cf8       0x3c CMakeFiles/server.dir/Users/lino/Research/pico-sdk/src/rp2_common/pico_double/double_v1_rom_shim.S.obj
                0x0000000010003cf8                dunpacks
 .text.__aeabi_lmul
                0x0000000010003d34       0x32 CMakeFiles/server.dir/Users/lino/Research/pico-sdk/src/rp2_common/pico_int64_ops/pico_int64_ops_aeabi.S.obj
                0x0000000010003d34                __wrap___aeabi_lmul
 *fill*         0x0000000010003d66        0x2 
 .text.__aeabi_float_init
                0x0000000010003d68       0xfc CMakeFiles/server.dir/Users/lino/Research/pico-sdk/src/rp2_common/pico_float/float_init_rom.c.obj
                0x0000000010003d68                __aeabi_float_init
 .text.float_table_shim_on_use_helper
                0x0000000010003e64       0x34 CMakeFiles/server.dir/Users/lino/Research/pico-sdk/src/rp2_common/pico_float/float_v1_rom_shim.S.obj
                0x0000000010003e64                float_table_shim_on_use_helper
 .text          0x0000000010003e98       0x10 CMakeFiles/server.dir/Users/lino/Research/pico-sdk/src/rp2_common/pico_mem_ops/mem_ops_aeabi.S.obj
                0x0000000010003e98                __aeabi_mem_init
 .text.memset   0x0000000010003ea8        0xc CMakeFiles/server.dir/Users/lino/Research/pico-sdk/src/rp2_common/pico_mem_ops/mem_ops_aeabi.S.obj
                0x0000000010003ea8                __wrap_memset
 .text.memcpy   0x0000000010003eb4        0xc CMakeFiles/server.dir/Users/lino/Research/pico-sdk/src/rp2_common/pico_mem_ops/mem_ops_aeabi.S.obj
                0x0000000010003eb4                __wrap___aeabi_memcpy
                0x0000000010003eb4                __wrap_memcpy
 .text.stdio_out_chars_no_crlf
                0x0000000010003ec0        0xe CMakeFiles/server.dir/Users/lino/Research/pico-sdk/src/rp2_common/pico_stdio/stdio.c.obj
 *fill*         0x0000000010003ece        0x2 
 .text.stdio_out_chars_crlf
                0x0000000010003ed0       0x80 CMakeFiles/server.dir/Users/lino/Research/pico-sdk/src/rp2_common/pico_stdio/stdio.c.obj
 .text.stdio_stack_buffer_flush
                0x0000000010003f50       0x44 CMakeFiles/server.dir/Users/lino/Research/pico-sdk/src/rp2_common/pico_stdio/stdio.c.obj
 .text.stdio_buffered_printer
                0x0000000010003f94       0x20 CMakeFiles/server.dir/Users/lino/Research/pico-sdk/src/rp2_common/pico_stdio/stdio.c.obj
 .text.stdout_serialize_begin
                0x0000000010003fb4       0x30 CMakeFiles/server.dir/Users/lino/Research/pico-sdk/src/rp2_common/pico_stdio/stdio.c.obj
                0x0000000010003fb4                stdout_serialize_begin
 .text.stdout_serialize_end
                0x0000000010003fe4       0x10 CMakeFiles/server.dir/Users/lino/Research/pico-sdk/src/rp2_common/pico_stdio/stdio.c.obj
                0x0000000010003fe4                stdout_serialize_end
 .text.stdio_put_string
                0x0000000010003ff4       0x98 CMakeFiles/server.dir/Users/lino/Research/pico-sdk/src/rp2_common/pico_stdio/stdio.c.obj
 .text.stdio_set_driver_enabled
                0x000000001000408c       0x2c CMakeFiles/server.dir/Users/lino/Research/pico-sdk/src/rp2_common/pico_stdio/stdio.c.obj
                0x000000001000408c                stdio_set_driver_enabled
 .text.stdio_flush
                0x00000000100040b8       0x20 CMakeFiles/server.dir/Users/lino/Research/pico-sdk/src/rp2_common/pico_stdio/stdio.c.obj
                0x00000000100040b8                stdio_flush
 .text.__wrap_puts
                0x00000000100040d8       0x1e CMakeFiles/server.dir/Users/lino/Research/pico-sdk/src/rp2_common/pico_stdio/stdio.c.obj
                0x00000000100040d8                __wrap_puts
 *fill*         0x00000000100040f6        0x2 
 .text.__wrap_vprintf
                0x00000000100040f8       0x44 CMakeFiles/server.dir/Users/lino/Research/pico-sdk/src/rp2_common/pico_stdio/stdio.c.obj
                0x00000000100040f8                __wrap_vprintf
 .text.__wrap_printf
                0x000000001000413c       0x18 CMakeFiles/server.dir/Users/lino/Research/pico-sdk/src/rp2_common/pico_stdio/stdio.c.obj
                0x000000001000413c                __wrap_printf
 .text.stdio_init_all
                0x0000000010004154        0x8 CMakeFiles/server.dir/Users/lino/Research/pico-sdk/src/rp2_common/pico_stdio/stdio.c.obj
                0x0000000010004154                stdio_init_all
 .text.resetd_init
                0x000000001000415c        0x2 CMakeFiles/server.dir/Users/lino/Research/pico-sdk/src/rp2_common/pico_stdio_usb/reset_interface.c.obj
 *fill*         0x000000001000415e        0x2 
 .text.resetd_reset
                0x0000000010004160        0xc CMakeFiles/server.dir/Users/lino/Research/pico-sdk/src/rp2_common/pico_stdio_usb/reset_interface.c.obj
 .text.resetd_open
                0x000000001000416c       0x34 CMakeFiles/server.dir/Users/lino/Research/pico-sdk/src/rp2_common/pico_stdio_usb/reset_interface.c.obj
 .text.resetd_xfer_cb
                0x00000000100041a0        0x4 CMakeFiles/server.dir/Users/lino/Research/pico-sdk/src/rp2_common/pico_stdio_usb/reset_interface.c.obj
 .text.reset_usb_boot
                0x00000000100041a4       0x18 CMakeFiles/server.dir/Users/lino/Research/pico-sdk/src/rp2_common/pico_stdio_usb/reset_interface.c.obj
 .text.resetd_control_xfer_cb
                0x00000000100041bc       0x5c CMakeFiles/server.dir/Users/lino/Research/pico-sdk/src/rp2_common/pico_stdio_usb/reset_interface.c.obj
 .text.usbd_app_driver_get_cb
                0x0000000010004218        0xc CMakeFiles/server.dir/Users/lino/Research/pico-sdk/src/rp2_common/pico_stdio_usb/reset_interface.c.obj
                0x0000000010004218                usbd_app_driver_get_cb
 .text.tud_cdc_line_coding_cb
                0x0000000010004224       0x28 CMakeFiles/server.dir/Users/lino/Research/pico-sdk/src/rp2_common/pico_stdio_usb/reset_interface.c.obj
                0x0000000010004224                tud_cdc_line_coding_cb
 .text.stdio_usb_in_chars
                0x000000001000424c       0x70 CMakeFiles/server.dir/Users/lino/Research/pico-sdk/src/rp2_common/pico_stdio_usb/stdio_usb.c.obj
                0x000000001000424c                stdio_usb_in_chars
 .text.low_priority_worker_irq
                0x00000000100042bc       0x20 CMakeFiles/server.dir/Users/lino/Research/pico-sdk/src/rp2_common/pico_stdio_usb/stdio_usb.c.obj
 .text.stdio_usb_out_chars
                0x00000000100042dc       0xd4 CMakeFiles/server.dir/Users/lino/Research/pico-sdk/src/rp2_common/pico_stdio_usb/stdio_usb.c.obj
 .text.timer_task
                0x00000000100043b0       0x10 CMakeFiles/server.dir/Users/lino/Research/pico-sdk/src/rp2_common/pico_stdio_usb/stdio_usb.c.obj
 .text.stdio_usb_init
                0x00000000100043c0       0xb8 CMakeFiles/server.dir/Users/lino/Research/pico-sdk/src/rp2_common/pico_stdio_usb/stdio_usb.c.obj
                0x00000000100043c0                stdio_usb_init
 .text.tud_descriptor_device_cb
                0x0000000010004478        0x8 CMakeFiles/server.dir/Users/lino/Research/pico-sdk/src/rp2_common/pico_stdio_usb/stdio_usb_descriptors.c.obj
                0x0000000010004478                tud_descriptor_device_cb
 .text.tud_descriptor_configuration_cb
                0x0000000010004480        0x8 CMakeFiles/server.dir/Users/lino/Research/pico-sdk/src/rp2_common/pico_stdio_usb/stdio_usb_descriptors.c.obj
                0x0000000010004480                tud_descriptor_configuration_cb
 .text.tud_descriptor_string_cb
                0x0000000010004488       0x6c CMakeFiles/server.dir/Users/lino/Research/pico-sdk/src/rp2_common/pico_stdio_usb/stdio_usb_descriptors.c.obj
                0x0000000010004488                tud_descriptor_string_cb
 .text.hw_endpoint_get_by_addr
                0x00000000100044f4       0x18 CMakeFiles/server.dir/Users/lino/Research/pico-sdk/lib/tinyusb/src/portable/raspberrypi/rp2040/dcd_rp2040.c.obj
 .text.reset_ep0_pid
                0x000000001000450c       0x28 CMakeFiles/server.dir/Users/lino/Research/pico-sdk/lib/tinyusb/src/portable/raspberrypi/rp2040/dcd_rp2040.c.obj
 .text._hw_endpoint_alloc
                0x0000000010004534       0x70 CMakeFiles/server.dir/Users/lino/Research/pico-sdk/lib/tinyusb/src/portable/raspberrypi/rp2040/dcd_rp2040.c.obj
 .text.hw_endpoint_init
                0x00000000100045a4       0x88 CMakeFiles/server.dir/Users/lino/Research/pico-sdk/lib/tinyusb/src/portable/raspberrypi/rp2040/dcd_rp2040.c.obj
 .text.reset_non_control_endpoints
                0x000000001000462c       0x40 CMakeFiles/server.dir/Users/lino/Research/pico-sdk/lib/tinyusb/src/portable/raspberrypi/rp2040/dcd_rp2040.c.obj
 .text.hw_handle_buff_status
                0x000000001000466c       0x8c CMakeFiles/server.dir/Users/lino/Research/pico-sdk/lib/tinyusb/src/portable/raspberrypi/rp2040/dcd_rp2040.c.obj
 .text.dcd_rp2040_irq
                0x00000000100046f8       0xc0 CMakeFiles/server.dir/Users/lino/Research/pico-sdk/lib/tinyusb/src/portable/raspberrypi/rp2040/dcd_rp2040.c.obj
 .text.hw_endpoint_xfer
                0x00000000100047b8       0x14 CMakeFiles/server.dir/Users/lino/Research/pico-sdk/lib/tinyusb/src/portable/raspberrypi/rp2040/dcd_rp2040.c.obj
 .text.dcd_int_enable
                0x00000000100047cc       0x2c CMakeFiles/server.dir/Users/lino/Research/pico-sdk/lib/tinyusb/src/portable/raspberrypi/rp2040/dcd_rp2040.c.obj
                0x00000000100047cc                dcd_int_enable
 .text.dcd_set_address
                0x00000000100047f8       0x2c CMakeFiles/server.dir/Users/lino/Research/pico-sdk/lib/tinyusb/src/portable/raspberrypi/rp2040/dcd_rp2040.c.obj
                0x00000000100047f8                dcd_set_address
 .text.dcd_connect
                0x0000000010004824       0x10 CMakeFiles/server.dir/Users/lino/Research/pico-sdk/lib/tinyusb/src/portable/raspberrypi/rp2040/dcd_rp2040.c.obj
                0x0000000010004824                dcd_connect
 .text.dcd_init
                0x0000000010004834       0x7c CMakeFiles/server.dir/Users/lino/Research/pico-sdk/lib/tinyusb/src/portable/raspberrypi/rp2040/dcd_rp2040.c.obj
                0x0000000010004834                dcd_init
 .text.dcd_edpt0_status_complete
                0x00000000100048b0       0x1c CMakeFiles/server.dir/Users/lino/Research/pico-sdk/lib/tinyusb/src/portable/raspberrypi/rp2040/dcd_rp2040.c.obj
                0x00000000100048b0                dcd_edpt0_status_complete
 .text.dcd_edpt_open
                0x00000000100048cc       0x40 CMakeFiles/server.dir/Users/lino/Research/pico-sdk/lib/tinyusb/src/portable/raspberrypi/rp2040/dcd_rp2040.c.obj
                0x00000000100048cc                dcd_edpt_open
 .text.dcd_edpt_close_all
                0x000000001000490c        0x8 CMakeFiles/server.dir/Users/lino/Research/pico-sdk/lib/tinyusb/src/portable/raspberrypi/rp2040/dcd_rp2040.c.obj
                0x000000001000490c                dcd_edpt_close_all
 .text.dcd_edpt_xfer
                0x0000000010004914       0x30 CMakeFiles/server.dir/Users/lino/Research/pico-sdk/lib/tinyusb/src/portable/raspberrypi/rp2040/dcd_rp2040.c.obj
                0x0000000010004914                dcd_edpt_xfer
 .text.dcd_edpt_stall
                0x0000000010004944       0x2c CMakeFiles/server.dir/Users/lino/Research/pico-sdk/lib/tinyusb/src/portable/raspberrypi/rp2040/dcd_rp2040.c.obj
                0x0000000010004944                dcd_edpt_stall
 .text.dcd_edpt_clear_stall
                0x0000000010004970       0x20 CMakeFiles/server.dir/Users/lino/Research/pico-sdk/lib/tinyusb/src/portable/raspberrypi/rp2040/dcd_rp2040.c.obj
                0x0000000010004970                dcd_edpt_clear_stall
 .text.prepare_ep_buffer
                0x0000000010004990       0x70 CMakeFiles/server.dir/Users/lino/Research/pico-sdk/lib/tinyusb/src/portable/raspberrypi/rp2040/rp2040_usb.c.obj
 .text.sync_ep_buffer
                0x0000000010004a00       0x7c CMakeFiles/server.dir/Users/lino/Research/pico-sdk/lib/tinyusb/src/portable/raspberrypi/rp2040/rp2040_usb.c.obj
 .text._hw_endpoint_xfer_sync
                0x0000000010004a7c       0x28 CMakeFiles/server.dir/Users/lino/Research/pico-sdk/lib/tinyusb/src/portable/raspberrypi/rp2040/rp2040_usb.c.obj
 .text.rp2040_usb_init
                0x0000000010004aa4       0x4c CMakeFiles/server.dir/Users/lino/Research/pico-sdk/lib/tinyusb/src/portable/raspberrypi/rp2040/rp2040_usb.c.obj
                0x0000000010004aa4                rp2040_usb_init
 .text.hw_endpoint_reset_transfer
                0x0000000010004af0        0xc CMakeFiles/server.dir/Users/lino/Research/pico-sdk/lib/tinyusb/src/portable/raspberrypi/rp2040/rp2040_usb.c.obj
                0x0000000010004af0                hw_endpoint_reset_transfer
 .text._hw_endpoint_buffer_control_update32
                0x0000000010004afc       0x58 CMakeFiles/server.dir/Users/lino/Research/pico-sdk/lib/tinyusb/src/portable/raspberrypi/rp2040/rp2040_usb.c.obj
                0x0000000010004afc                _hw_endpoint_buffer_control_update32
 .text._hw_endpoint_start_next_buffer
                0x0000000010004b54       0x74 CMakeFiles/server.dir/Users/lino/Research/pico-sdk/lib/tinyusb/src/portable/raspberrypi/rp2040/rp2040_usb.c.obj
 .text.hw_endpoint_xfer_start
                0x0000000010004bc8       0x48 CMakeFiles/server.dir/Users/lino/Research/pico-sdk/lib/tinyusb/src/portable/raspberrypi/rp2040/rp2040_usb.c.obj
                0x0000000010004bc8                hw_endpoint_xfer_start
 .text.hw_endpoint_xfer_continue
                0x0000000010004c10       0x38 CMakeFiles/server.dir/Users/lino/Research/pico-sdk/lib/tinyusb/src/portable/raspberrypi/rp2040/rp2040_usb.c.obj
                0x0000000010004c10                hw_endpoint_xfer_continue
 .text.configuration_reset
                0x0000000010004c48       0x84 CMakeFiles/server.dir/Users/lino/Research/pico-sdk/lib/tinyusb/src/device/usbd.c.obj
 .text.usbd_reset
                0x0000000010004ccc        0xc CMakeFiles/server.dir/Users/lino/Research/pico-sdk/lib/tinyusb/src/device/usbd.c.obj
 .text.invoke_class_control
                0x0000000010004cd8       0x1a CMakeFiles/server.dir/Users/lino/Research/pico-sdk/lib/tinyusb/src/device/usbd.c.obj
 *fill*         0x0000000010004cf2        0x2 
 .text.process_set_config
                0x0000000010004cf4      0x1b0 CMakeFiles/server.dir/Users/lino/Research/pico-sdk/lib/tinyusb/src/device/usbd.c.obj
 .text.process_get_descriptor
                0x0000000010004ea4       0xec CMakeFiles/server.dir/Users/lino/Research/pico-sdk/lib/tinyusb/src/device/usbd.c.obj
 .text.tud_mounted
                0x0000000010004f90       0x10 CMakeFiles/server.dir/Users/lino/Research/pico-sdk/lib/tinyusb/src/device/usbd.c.obj
                0x0000000010004f90                tud_mounted
 .text.tud_suspended
                0x0000000010004fa0       0x10 CMakeFiles/server.dir/Users/lino/Research/pico-sdk/lib/tinyusb/src/device/usbd.c.obj
                0x0000000010004fa0                tud_suspended
 .text.tud_inited
                0x0000000010004fb0        0xc CMakeFiles/server.dir/Users/lino/Research/pico-sdk/lib/tinyusb/src/device/usbd.c.obj
                0x0000000010004fb0                tud_inited
 .text.tud_init
                0x0000000010004fbc       0xcc CMakeFiles/server.dir/Users/lino/Research/pico-sdk/lib/tinyusb/src/device/usbd.c.obj
                0x0000000010004fbc                tud_init
 .text.dcd_event_handler
                0x0000000010005088      0x1e0 CMakeFiles/server.dir/Users/lino/Research/pico-sdk/lib/tinyusb/src/device/usbd.c.obj
                0x0000000010005088                dcd_event_handler
 .text.dcd_event_bus_signal
                0x0000000010005268       0x26 CMakeFiles/server.dir/Users/lino/Research/pico-sdk/lib/tinyusb/src/device/usbd.c.obj
                0x0000000010005268                dcd_event_bus_signal
 .text.dcd_event_bus_reset
                0x000000001000528e       0x2a CMakeFiles/server.dir/Users/lino/Research/pico-sdk/lib/tinyusb/src/device/usbd.c.obj
                0x000000001000528e                dcd_event_bus_reset
 .text.dcd_event_setup_received
                0x00000000100052b8       0x34 CMakeFiles/server.dir/Users/lino/Research/pico-sdk/lib/tinyusb/src/device/usbd.c.obj
                0x00000000100052b8                dcd_event_setup_received
 .text.dcd_event_xfer_complete
                0x00000000100052ec       0x44 CMakeFiles/server.dir/Users/lino/Research/pico-sdk/lib/tinyusb/src/device/usbd.c.obj
                0x00000000100052ec                dcd_event_xfer_complete
 .text.usbd_edpt_open
                0x0000000010005330       0x58 CMakeFiles/server.dir/Users/lino/Research/pico-sdk/lib/tinyusb/src/device/usbd.c.obj
                0x0000000010005330                usbd_edpt_open
 .text.usbd_open_edpt_pair
                0x0000000010005388       0x8c CMakeFiles/server.dir/Users/lino/Research/pico-sdk/lib/tinyusb/src/device/usbd.c.obj
                0x0000000010005388                usbd_open_edpt_pair
 .text.usbd_edpt_claim
                0x0000000010005414       0x8c CMakeFiles/server.dir/Users/lino/Research/pico-sdk/lib/tinyusb/src/device/usbd.c.obj
                0x0000000010005414                usbd_edpt_claim
 .text.usbd_edpt_release
                0x00000000100054a0       0x68 CMakeFiles/server.dir/Users/lino/Research/pico-sdk/lib/tinyusb/src/device/usbd.c.obj
                0x00000000100054a0                usbd_edpt_release
 .text.usbd_edpt_xfer
                0x0000000010005508       0x80 CMakeFiles/server.dir/Users/lino/Research/pico-sdk/lib/tinyusb/src/device/usbd.c.obj
                0x0000000010005508                usbd_edpt_xfer
 .text.usbd_edpt_stall
                0x0000000010005588       0x40 CMakeFiles/server.dir/Users/lino/Research/pico-sdk/lib/tinyusb/src/device/usbd.c.obj
                0x0000000010005588                usbd_edpt_stall
 .text.usbd_edpt_clear_stall
                0x00000000100055c8       0x40 CMakeFiles/server.dir/Users/lino/Research/pico-sdk/lib/tinyusb/src/device/usbd.c.obj
                0x00000000100055c8                usbd_edpt_clear_stall
 .text.usbd_edpt_stalled
                0x0000000010005608       0x1c CMakeFiles/server.dir/Users/lino/Research/pico-sdk/lib/tinyusb/src/device/usbd.c.obj
                0x0000000010005608                usbd_edpt_stalled
 .text.process_control_request
                0x0000000010005624      0x3b8 CMakeFiles/server.dir/Users/lino/Research/pico-sdk/lib/tinyusb/src/device/usbd.c.obj
 .text.tud_task
                0x00000000100059dc      0x218 CMakeFiles/server.dir/Users/lino/Research/pico-sdk/lib/tinyusb/src/device/usbd.c.obj
                0x00000000100059dc                tud_task
 .text._data_stage_xact
                0x0000000010005bf4       0x58 CMakeFiles/server.dir/Users/lino/Research/pico-sdk/lib/tinyusb/src/device/usbd_control.c.obj
 .text.tud_control_status
                0x0000000010005c4c       0x38 CMakeFiles/server.dir/Users/lino/Research/pico-sdk/lib/tinyusb/src/device/usbd_control.c.obj
                0x0000000010005c4c                tud_control_status
 .text.tud_control_xfer
                0x0000000010005c84       0xa8 CMakeFiles/server.dir/Users/lino/Research/pico-sdk/lib/tinyusb/src/device/usbd_control.c.obj
                0x0000000010005c84                tud_control_xfer
 .text.usbd_control_reset
                0x0000000010005d2c       0x14 CMakeFiles/server.dir/Users/lino/Research/pico-sdk/lib/tinyusb/src/device/usbd_control.c.obj
                0x0000000010005d2c                usbd_control_reset
 .text.usbd_control_set_complete_callback
                0x0000000010005d40        0xc CMakeFiles/server.dir/Users/lino/Research/pico-sdk/lib/tinyusb/src/device/usbd_control.c.obj
                0x0000000010005d40                usbd_control_set_complete_callback
 .text.usbd_control_set_request
                0x0000000010005d4c       0x1c CMakeFiles/server.dir/Users/lino/Research/pico-sdk/lib/tinyusb/src/device/usbd_control.c.obj
                0x0000000010005d4c                usbd_control_set_request
 .text.usbd_control_xfer_cb
                0x0000000010005d68       0xfc CMakeFiles/server.dir/Users/lino/Research/pico-sdk/lib/tinyusb/src/device/usbd_control.c.obj
                0x0000000010005d68                usbd_control_xfer_cb
 .text._prep_out_transaction
                0x0000000010005e64       0x46 CMakeFiles/server.dir/Users/lino/Research/pico-sdk/lib/tinyusb/src/class/cdc/cdc_device.c.obj
 *fill*         0x0000000010005eaa        0x2 
 .text.tud_cdc_n_connected
                0x0000000010005eac       0x44 CMakeFiles/server.dir/Users/lino/Research/pico-sdk/lib/tinyusb/src/class/cdc/cdc_device.c.obj
                0x0000000010005eac                tud_cdc_n_connected
 .text.tud_cdc_n_available
                0x0000000010005ef0       0x18 CMakeFiles/server.dir/Users/lino/Research/pico-sdk/lib/tinyusb/src/class/cdc/cdc_device.c.obj
                0x0000000010005ef0                tud_cdc_n_available
 .text.tud_cdc_n_read
                0x0000000010005f08       0x28 CMakeFiles/server.dir/Users/lino/Research/pico-sdk/lib/tinyusb/src/class/cdc/cdc_device.c.obj
                0x0000000010005f08                tud_cdc_n_read
 .text.tud_cdc_n_write_flush
                0x0000000010005f30       0xcc CMakeFiles/server.dir/Users/lino/Research/pico-sdk/lib/tinyusb/src/class/cdc/cdc_device.c.obj
                0x0000000010005f30                tud_cdc_n_write_flush
 .text.tud_cdc_n_write
                0x0000000010005ffc       0x38 CMakeFiles/server.dir/Users/lino/Research/pico-sdk/lib/tinyusb/src/class/cdc/cdc_device.c.obj
                0x0000000010005ffc                tud_cdc_n_write
 .text.tud_cdc_n_write_available
                0x0000000010006034       0x1c CMakeFiles/server.dir/Users/lino/Research/pico-sdk/lib/tinyusb/src/class/cdc/cdc_device.c.obj
                0x0000000010006034                tud_cdc_n_write_available
 .text.cdcd_init
                0x0000000010006050       0xbc CMakeFiles/server.dir/Users/lino/Research/pico-sdk/lib/tinyusb/src/class/cdc/cdc_device.c.obj
                0x0000000010006050                cdcd_init
 .text.cdcd_reset
                0x000000001000610c       0x44 CMakeFiles/server.dir/Users/lino/Research/pico-sdk/lib/tinyusb/src/class/cdc/cdc_device.c.obj
                0x000000001000610c                cdcd_reset
 .text.cdcd_open
                0x0000000010006150       0xf8 CMakeFiles/server.dir/Users/lino/Research/pico-sdk/lib/tinyusb/src/class/cdc/cdc_device.c.obj
                0x0000000010006150                cdcd_open
 .text.cdcd_control_xfer_cb
                0x0000000010006248      0x134 CMakeFiles/server.dir/Users/lino/Research/pico-sdk/lib/tinyusb/src/class/cdc/cdc_device.c.obj
                0x0000000010006248                cdcd_control_xfer_cb
 .text.cdcd_xfer_cb
                0x000000001000637c      0x144 CMakeFiles/server.dir/Users/lino/Research/pico-sdk/lib/tinyusb/src/class/cdc/cdc_device.c.obj
                0x000000001000637c                cdcd_xfer_cb
 .text.tusb_init
                0x00000000100064c0       0x24 CMakeFiles/server.dir/Users/lino/Research/pico-sdk/lib/tinyusb/src/tusb.c.obj
                0x00000000100064c0                tusb_init
 .text.tusb_inited
                0x00000000100064e4        0xe CMakeFiles/server.dir/Users/lino/Research/pico-sdk/lib/tinyusb/src/tusb.c.obj
                0x00000000100064e4                tusb_inited
 *fill*         0x00000000100064f2        0x2 
 .text.tu_edpt_validate
                0x00000000100064f4       0xa8 CMakeFiles/server.dir/Users/lino/Research/pico-sdk/lib/tinyusb/src/tusb.c.obj
                0x00000000100064f4                tu_edpt_validate
 .text.tu_edpt_bind_driver
                0x000000001000659c       0x2a CMakeFiles/server.dir/Users/lino/Research/pico-sdk/lib/tinyusb/src/tusb.c.obj
                0x000000001000659c                tu_edpt_bind_driver
 .text.advance_pointer
                0x00000000100065c6       0x18 CMakeFiles/server.dir/Users/lino/Research/pico-sdk/lib/tinyusb/src/common/tusb_fifo.c.obj
 .text.backward_pointer
                0x00000000100065de       0x1e CMakeFiles/server.dir/Users/lino/Research/pico-sdk/lib/tinyusb/src/common/tusb_fifo.c.obj
 .text.get_relative_pointer
                0x00000000100065fc       0x10 CMakeFiles/server.dir/Users/lino/Research/pico-sdk/lib/tinyusb/src/common/tusb_fifo.c.obj
 .text._tu_fifo_peek
                0x000000001000660c       0x50 CMakeFiles/server.dir/Users/lino/Research/pico-sdk/lib/tinyusb/src/common/tusb_fifo.c.obj
 .text._ff_pull_const_addr
                0x000000001000665c       0x4c CMakeFiles/server.dir/Users/lino/Research/pico-sdk/lib/tinyusb/src/common/tusb_fifo.c.obj
 .text._ff_pull_n
                0x00000000100066a8      0x10c CMakeFiles/server.dir/Users/lino/Research/pico-sdk/lib/tinyusb/src/common/tusb_fifo.c.obj
 .text._tu_fifo_peek_n
                0x00000000100067b4       0x5e CMakeFiles/server.dir/Users/lino/Research/pico-sdk/lib/tinyusb/src/common/tusb_fifo.c.obj
 .text._tu_fifo_read_n
                0x0000000010006812       0x4e CMakeFiles/server.dir/Users/lino/Research/pico-sdk/lib/tinyusb/src/common/tusb_fifo.c.obj
 .text._ff_push_const_addr
                0x0000000010006860       0x40 CMakeFiles/server.dir/Users/lino/Research/pico-sdk/lib/tinyusb/src/common/tusb_fifo.c.obj
 .text._ff_push_n
                0x00000000100068a0      0x108 CMakeFiles/server.dir/Users/lino/Research/pico-sdk/lib/tinyusb/src/common/tusb_fifo.c.obj
 .text._tu_fifo_write_n
                0x00000000100069a8       0x9e CMakeFiles/server.dir/Users/lino/Research/pico-sdk/lib/tinyusb/src/common/tusb_fifo.c.obj
 .text.tu_fifo_config
                0x0000000010006a46       0x72 CMakeFiles/server.dir/Users/lino/Research/pico-sdk/lib/tinyusb/src/common/tusb_fifo.c.obj
                0x0000000010006a46                tu_fifo_config
 .text.tu_fifo_count
                0x0000000010006ab8       0x26 CMakeFiles/server.dir/Users/lino/Research/pico-sdk/lib/tinyusb/src/common/tusb_fifo.c.obj
                0x0000000010006ab8                tu_fifo_count
 .text.tu_fifo_empty
                0x0000000010006ade       0x10 CMakeFiles/server.dir/Users/lino/Research/pico-sdk/lib/tinyusb/src/common/tusb_fifo.c.obj
                0x0000000010006ade                tu_fifo_empty
 .text.tu_fifo_remaining
                0x0000000010006aee       0x20 CMakeFiles/server.dir/Users/lino/Research/pico-sdk/lib/tinyusb/src/common/tusb_fifo.c.obj
                0x0000000010006aee                tu_fifo_remaining
 .text.tu_fifo_read
                0x0000000010006b0e       0x42 CMakeFiles/server.dir/Users/lino/Research/pico-sdk/lib/tinyusb/src/common/tusb_fifo.c.obj
                0x0000000010006b0e                tu_fifo_read
 .text.tu_fifo_read_n
                0x0000000010006b50        0xa CMakeFiles/server.dir/Users/lino/Research/pico-sdk/lib/tinyusb/src/common/tusb_fifo.c.obj
                0x0000000010006b50                tu_fifo_read_n
 .text.tu_fifo_write
                0x0000000010006b5a       0x6c CMakeFiles/server.dir/Users/lino/Research/pico-sdk/lib/tinyusb/src/common/tusb_fifo.c.obj
                0x0000000010006b5a                tu_fifo_write
 .text.tu_fifo_write_n
                0x0000000010006bc6        0xa CMakeFiles/server.dir/Users/lino/Research/pico-sdk/lib/tinyusb/src/common/tusb_fifo.c.obj
                0x0000000010006bc6                tu_fifo_write_n
 .text.tu_fifo_clear
                0x0000000010006bd0       0x4c CMakeFiles/server.dir/Users/lino/Research/pico-sdk/lib/tinyusb/src/common/tusb_fifo.c.obj
                0x0000000010006bd0                tu_fifo_clear
 .text.tu_fifo_set_overwritable
                0x0000000010006c1c       0x3c CMakeFiles/server.dir/Users/lino/Research/pico-sdk/lib/tinyusb/src/common/tusb_fifo.c.obj
                0x0000000010006c1c                tu_fifo_set_overwritable
 .text._retrieve_unique_id_on_boot
                0x0000000010006c58       0x10 CMakeFiles/server.dir/Users/lino/Research/pico-sdk/src/rp2_common/pico_unique_id/unique_id.c.obj
 .text.pico_get_unique_board_id_string
                0x0000000010006c68       0x60 CMakeFiles/server.dir/Users/lino/Research/pico-sdk/src/rp2_common/pico_unique_id/unique_id.c.obj
                0x0000000010006c68                pico_get_unique_board_id_string
 .text.flash_get_unique_id
                0x0000000010006cc8       0x46 CMakeFiles/server.dir/Users/lino/Research/pico-sdk/src/rp2_common/hardware_flash/flash.c.obj
                0x0000000010006cc8                flash_get_unique_id
 *fill*         0x0000000010006d0e        0x2 
 .text.strlen   0x0000000010006d10       0x5c /usr/local/Cellar/arm-none-eabi-gcc/10.3-2021.07/gcc/bin/../lib/gcc/arm-none-eabi/10.3.1/../../../../arm-none-eabi/lib/thumb/v6-m/nofp/libg.a(lib_a-strlen-stub.o)
                0x0000000010006d10                strlen
 *(.fini)
 .fini          0x0000000010006d6c        0x4 /usr/local/Cellar/arm-none-eabi-gcc/10.3-2021.07/gcc/bin/../lib/gcc/arm-none-eabi/10.3.1/thumb/v6-m/nofp/crti.o
                0x0000000010006d6c                _fini
 .fini.__stub   0x0000000010006d70       0x70 linker stubs
 *crtbegin.o(.ctors)
 *crtbegin?.o(.ctors)
 *(EXCLUDE_FILE(*crtend.o *crtend?.o) .ctors)
 *(SORT_BY_NAME(.ctors.*))
 *(.ctors)
 *crtbegin.o(.dtors)
 *crtbegin?.o(.dtors)
 *(EXCLUDE_FILE(*crtend.o *crtend?.o) .dtors)
 *(SORT_BY_NAME(.dtors.*))
 *(.dtors)
 *(.eh_frame*)
 .eh_frame      0x0000000010006de0        0x0 /usr/local/Cellar/arm-none-eabi-gcc/10.3-2021.07/gcc/bin/../lib/gcc/arm-none-eabi/10.3.1/thumb/v6-m/nofp/crtbegin.o
                0x0000000010006de0                . = ALIGN (0x4)

.glue_7         0x0000000010006de0        0x0
 .glue_7        0x0000000010006de0        0x0 linker stubs

.glue_7t        0x0000000010006de0        0x0
 .glue_7t       0x0000000010006de0        0x0 linker stubs

.vfp11_veneer   0x0000000010006de0        0x0
 .vfp11_veneer  0x0000000010006de0        0x0 linker stubs

.v4_bx          0x0000000010006de0        0x0
 .v4_bx         0x0000000010006de0        0x0 linker stubs

.iplt           0x0000000010006de0        0x0
 .iplt          0x0000000010006de0        0x0 /usr/local/Cellar/arm-none-eabi-gcc/10.3-2021.07/gcc/bin/../lib/gcc/arm-none-eabi/10.3.1/thumb/v6-m/nofp/crtbegin.o

.rodata         0x0000000010006de0     0x15b8
 *(EXCLUDE_FILE(*libm.a: *libc.a:*lib_a-mem*.o *libgcc.a:) .rodata*)
 .rodata.main.str1.4
                0x0000000010006de0        0xe CMakeFiles/server.dir/server.c.obj
 *fill*         0x0000000010006dee        0x2 
 .rodata.spin_lock_claim_unused.str1.4
                0x0000000010006df0       0x1b CMakeFiles/server.dir/Users/lino/Research/pico-sdk/src/rp2_common/hardware_sync/sync.c.obj
 *fill*         0x0000000010006e0b        0x1 
 .rodata.repeating_timer_callback.str1.4
                0x0000000010006e0c       0x4e CMakeFiles/server.dir/Users/lino/Research/pico-sdk/src/common/pico_time/time.c.obj
 *fill*         0x0000000010006e5a        0x2 
 .rodata.alarm_pool_dump_key.str1.4
                0x0000000010006e5c       0x33 CMakeFiles/server.dir/Users/lino/Research/pico-sdk/src/common/pico_time/time.c.obj
 *fill*         0x0000000010006e8f        0x1 
 .rodata.ph_add_child_node.str1.4
                0x0000000010006e90       0x9a CMakeFiles/server.dir/Users/lino/Research/pico-sdk/src/common/pico_time/time.c.obj
 *fill*         0x0000000010006f2a        0x2 
 .rodata.add_alarm_under_lock.str1.4
                0x0000000010006f2c       0x28 CMakeFiles/server.dir/Users/lino/Research/pico-sdk/src/common/pico_time/time.c.obj
                                         0x2b (size before relaxing)
 .rodata.alarm_pool_alarm_callback.str1.4
                0x0000000010006f54       0xe6 CMakeFiles/server.dir/Users/lino/Research/pico-sdk/src/common/pico_time/time.c.obj
 *fill*         0x000000001000703a        0x2 
 .rodata.alarm_pool_get_default.str1.4
                0x000000001000703c       0x21 CMakeFiles/server.dir/Users/lino/Research/pico-sdk/src/common/pico_time/time.c.obj
 *fill*         0x000000001000705d        0x3 
 .rodata.alarm_pool_cancel_alarm.str1.4
                0x0000000010007060       0x27 CMakeFiles/server.dir/Users/lino/Research/pico-sdk/src/common/pico_time/time.c.obj
 *fill*         0x0000000010007087        0x1 
 .rodata.__func__.1
                0x0000000010007088       0x18 CMakeFiles/server.dir/Users/lino/Research/pico-sdk/src/common/pico_time/time.c.obj
 .rodata.__func__.10
                0x00000000100070a0       0x15 CMakeFiles/server.dir/Users/lino/Research/pico-sdk/src/common/pico_time/time.c.obj
 *fill*         0x00000000100070b5        0x3 
 .rodata.__func__.11
                0x00000000100070b8       0x1a CMakeFiles/server.dir/Users/lino/Research/pico-sdk/src/common/pico_time/time.c.obj
 *fill*         0x00000000100070d2        0x2 
 .rodata.__func__.12
                0x00000000100070d4        0xa CMakeFiles/server.dir/Users/lino/Research/pico-sdk/src/common/pico_time/time.c.obj
 *fill*         0x00000000100070de        0x2 
 .rodata.__func__.3
                0x00000000100070e0       0x17 CMakeFiles/server.dir/Users/lino/Research/pico-sdk/src/common/pico_time/time.c.obj
 *fill*         0x00000000100070f7        0x1 
 .rodata.__func__.4
                0x00000000100070f8       0x12 CMakeFiles/server.dir/Users/lino/Research/pico-sdk/src/common/pico_time/time.c.obj
 *fill*         0x000000001000710a        0x2 
 .rodata.__func__.5
                0x000000001000710c        0xd CMakeFiles/server.dir/Users/lino/Research/pico-sdk/src/common/pico_time/time.c.obj
 *fill*         0x0000000010007119        0x3 
 .rodata.__func__.6
                0x000000001000711c       0x12 CMakeFiles/server.dir/Users/lino/Research/pico-sdk/src/common/pico_time/time.c.obj
 *fill*         0x000000001000712e        0x2 
 .rodata.__func__.7
                0x0000000010007130        0xf CMakeFiles/server.dir/Users/lino/Research/pico-sdk/src/common/pico_time/time.c.obj
 *fill*         0x000000001000713f        0x1 
 .rodata.__func__.8
                0x0000000010007140        0xc CMakeFiles/server.dir/Users/lino/Research/pico-sdk/src/common/pico_time/time.c.obj
 .rodata.__func__.9
                0x000000001000714c       0x15 CMakeFiles/server.dir/Users/lino/Research/pico-sdk/src/common/pico_time/time.c.obj
 *fill*         0x0000000010007161        0x3 
 .rodata.hardware_alarm_claim.str1.4
                0x0000000010007164       0x22 CMakeFiles/server.dir/Users/lino/Research/pico-sdk/src/rp2_common/hardware_timer/timer.c.obj
 *fill*         0x0000000010007186        0x2 
 .rodata.hardware_alarm_set_target.str1.4
                0x0000000010007188       0x68 CMakeFiles/server.dir/Users/lino/Research/pico-sdk/src/rp2_common/hardware_timer/timer.c.obj
 .rodata.__func__.0
                0x00000000100071f0       0x1a CMakeFiles/server.dir/Users/lino/Research/pico-sdk/src/rp2_common/hardware_timer/timer.c.obj
 *fill*         0x000000001000720a        0x2 
 .rodata.str1.4
                0x000000001000720c       0x8d CMakeFiles/server.dir/Users/lino/Research/pico-sdk/src/common/pico_sync/mutex.c.obj
                                         0xf1 (size before relaxing)
 *fill*         0x0000000010007299        0x3 
 .rodata.__func__.1
                0x000000001000729c        0xb CMakeFiles/server.dir/Users/lino/Research/pico-sdk/src/common/pico_sync/mutex.c.obj
 *fill*         0x00000000100072a7        0x1 
 .rodata.__func__.3
                0x00000000100072a8       0x18 CMakeFiles/server.dir/Users/lino/Research/pico-sdk/src/common/pico_sync/mutex.c.obj
 .rodata.__func__.4
                0x00000000100072c0       0x15 CMakeFiles/server.dir/Users/lino/Research/pico-sdk/src/common/pico_sync/mutex.c.obj
 .rodata.ph_add_child_node.str1.4
                0x00000000100072d5       0x9a CMakeFiles/server.dir/Users/lino/Research/pico-sdk/src/common/pico_util/pheap.c.obj
 *fill*         0x00000000100072d5        0x3 
 .rodata.ph_remove_any_head.str1.4
                0x00000000100072d8       0x90 CMakeFiles/server.dir/Users/lino/Research/pico-sdk/src/common/pico_util/pheap.c.obj
 .rodata.ph_remove_and_free_node.str1.4
                0x0000000010007368       0x26 CMakeFiles/server.dir/Users/lino/Research/pico-sdk/src/common/pico_util/pheap.c.obj
 *fill*         0x000000001000738e        0x2 
 .rodata.__func__.0
                0x0000000010007390       0x18 CMakeFiles/server.dir/Users/lino/Research/pico-sdk/src/common/pico_util/pheap.c.obj
 .rodata.__func__.1
                0x00000000100073a8       0x13 CMakeFiles/server.dir/Users/lino/Research/pico-sdk/src/common/pico_util/pheap.c.obj
 *fill*         0x00000000100073bb        0x1 
 .rodata.__func__.2
                0x00000000100073bc       0x12 CMakeFiles/server.dir/Users/lino/Research/pico-sdk/src/common/pico_util/pheap.c.obj
 *fill*         0x00000000100073ce        0x2 
 .rodata.__func__.3
                0x00000000100073d0        0xc CMakeFiles/server.dir/Users/lino/Research/pico-sdk/src/common/pico_util/pheap.c.obj
 .rodata.__assert_func.str1.4
                0x00000000100073dc       0x3f CMakeFiles/server.dir/Users/lino/Research/pico-sdk/src/rp2_common/pico_runtime/runtime.c.obj
                                         0x43 (size before relaxing)
 *fill*         0x000000001000741b        0x1 
 .rodata.runtime_init.str1.4
                0x000000001000741c       0x64 CMakeFiles/server.dir/Users/lino/Research/pico-sdk/src/rp2_common/pico_runtime/runtime.c.obj
 .rodata.panic.str1.4
                0x0000000010007480       0x12 CMakeFiles/server.dir/Users/lino/Research/pico-sdk/src/rp2_common/pico_runtime/runtime.c.obj
 *fill*         0x0000000010007492        0x2 
 .rodata.__func__.1
                0x0000000010007494        0xd CMakeFiles/server.dir/Users/lino/Research/pico-sdk/src/rp2_common/pico_runtime/runtime.c.obj
 *fill*         0x00000000100074a1        0x3 
 .rodata.clock_configure.str1.4
                0x00000000100074a4       0x5a CMakeFiles/server.dir/Users/lino/Research/pico-sdk/src/rp2_common/hardware_clocks/clocks.c.obj
 *fill*         0x00000000100074fe        0x2 
 .rodata.__func__.1
                0x0000000010007500       0x10 CMakeFiles/server.dir/Users/lino/Research/pico-sdk/src/rp2_common/hardware_clocks/clocks.c.obj
 .rodata.make_branch.str1.4
                0x0000000010007510       0x70 CMakeFiles/server.dir/Users/lino/Research/pico-sdk/src/rp2_common/hardware_irq/irq.c.obj
 .rodata.insert_branch_and_link.str1.4
                0x0000000010007580       0x10 CMakeFiles/server.dir/Users/lino/Research/pico-sdk/src/rp2_common/hardware_irq/irq.c.obj
 .rodata.irq_set_exclusive_handler.str1.4
                0x0000000010007590       0x36 CMakeFiles/server.dir/Users/lino/Research/pico-sdk/src/rp2_common/hardware_irq/irq.c.obj
 *fill*         0x00000000100075c6        0x2 
 .rodata.irq_add_shared_handler.str1.4
                0x00000000100075c8       0xd9 CMakeFiles/server.dir/Users/lino/Research/pico-sdk/src/rp2_common/hardware_irq/irq.c.obj
 *fill*         0x00000000100076a1        0x3 
 .rodata.irq_remove_handler.str1.4
                0x00000000100076a4       0x2a CMakeFiles/server.dir/Users/lino/Research/pico-sdk/src/rp2_common/hardware_irq/irq.c.obj
 *fill*         0x00000000100076ce        0x2 
 .rodata.irq_add_tail_to_free_list.str1.4
                0x00000000100076d0       0x32 CMakeFiles/server.dir/Users/lino/Research/pico-sdk/src/rp2_common/hardware_irq/irq.c.obj
                                         0x3a (size before relaxing)
 *fill*         0x0000000010007702        0x2 
 .rodata.__func__.0
                0x0000000010007704       0x1a CMakeFiles/server.dir/Users/lino/Research/pico-sdk/src/rp2_common/hardware_irq/irq.c.obj
 *fill*         0x000000001000771e        0x2 
 .rodata.__func__.1
                0x0000000010007720       0x17 CMakeFiles/server.dir/Users/lino/Research/pico-sdk/src/rp2_common/hardware_irq/irq.c.obj
 *fill*         0x0000000010007737        0x1 
 .rodata.__func__.2
                0x0000000010007738       0x13 CMakeFiles/server.dir/Users/lino/Research/pico-sdk/src/rp2_common/hardware_irq/irq.c.obj
 *fill*         0x000000001000774b        0x1 
 .rodata.__func__.3
                0x000000001000774c        0xc CMakeFiles/server.dir/Users/lino/Research/pico-sdk/src/rp2_common/hardware_irq/irq.c.obj
 .rodata.__func__.4
                0x0000000010007758        0xf CMakeFiles/server.dir/Users/lino/Research/pico-sdk/src/rp2_common/hardware_irq/irq.c.obj
 *fill*         0x0000000010007767        0x1 
 .rodata.__func__.6
                0x0000000010007768       0x1a CMakeFiles/server.dir/Users/lino/Research/pico-sdk/src/rp2_common/hardware_irq/irq.c.obj
 *fill*         0x0000000010007782        0x2 
 .rodata.pll_init.str1.4
                0x0000000010007784       0xdb CMakeFiles/server.dir/Users/lino/Research/pico-sdk/src/rp2_common/hardware_pll/pll.c.obj
 *fill*         0x000000001000785f        0x1 
 .rodata.__func__.0
                0x0000000010007860        0x9 CMakeFiles/server.dir/Users/lino/Research/pico-sdk/src/rp2_common/hardware_pll/pll.c.obj
 *fill*         0x0000000010007869        0x3 
 .rodata._ftoa.str1.4
                0x000000001000786c       0x15 CMakeFiles/server.dir/Users/lino/Research/pico-sdk/src/rp2_common/pico_printf/printf.c.obj
 *fill*         0x0000000010007881        0x3 
 .rodata._vsnprintf
                0x0000000010007884      0x1e0 CMakeFiles/server.dir/Users/lino/Research/pico-sdk/src/rp2_common/pico_printf/printf.c.obj
 *fill*         0x0000000010007a64        0x4 
 .rodata.pow10.0
                0x0000000010007a68       0x50 CMakeFiles/server.dir/Users/lino/Research/pico-sdk/src/rp2_common/pico_printf/printf.c.obj
 .rodata.__aeabi_double_init.str1.4
                0x0000000010007ab8       0xab CMakeFiles/server.dir/Users/lino/Research/pico-sdk/src/rp2_common/pico_double/double_init_rom.c.obj
 *fill*         0x0000000010007b63        0x1 
 .rodata.__func__.0
                0x0000000010007b64       0x14 CMakeFiles/server.dir/Users/lino/Research/pico-sdk/src/rp2_common/pico_double/double_init_rom.c.obj
 .rodata.__aeabi_float_init.str1.4
                0x0000000010007b78       0x7d CMakeFiles/server.dir/Users/lino/Research/pico-sdk/src/rp2_common/pico_float/float_init_rom.c.obj
                                         0x81 (size before relaxing)
 *fill*         0x0000000010007bf5        0x3 
 .rodata.__func__.0
                0x0000000010007bf8       0x13 CMakeFiles/server.dir/Users/lino/Research/pico-sdk/src/rp2_common/pico_float/float_init_rom.c.obj
 *fill*         0x0000000010007c0b        0x1 
 .rodata.str1.4
                0x0000000010007c0c       0x40 CMakeFiles/server.dir/Users/lino/Research/pico-sdk/src/rp2_common/pico_standard_link/binary_info.c.obj
 .rodata.__bi_44
                0x0000000010007c4c        0xc CMakeFiles/server.dir/Users/lino/Research/pico-sdk/src/rp2_common/pico_standard_link/binary_info.c.obj
 .rodata.__bi_56
                0x0000000010007c58        0xc CMakeFiles/server.dir/Users/lino/Research/pico-sdk/src/rp2_common/pico_standard_link/binary_info.c.obj
 .rodata.__bi_75
                0x0000000010007c64        0xc CMakeFiles/server.dir/Users/lino/Research/pico-sdk/src/rp2_common/pico_standard_link/binary_info.c.obj
 .rodata.__bi_81
                0x0000000010007c70        0xc CMakeFiles/server.dir/Users/lino/Research/pico-sdk/src/rp2_common/pico_standard_link/binary_info.c.obj
 .rodata.crlf_str.3
                0x0000000010007c7c        0x2 CMakeFiles/server.dir/Users/lino/Research/pico-sdk/src/rp2_common/pico_stdio/stdio.c.obj
 *fill*         0x0000000010007c7e        0x2 
 .rodata._resetd_driver
                0x0000000010007c80       0x18 CMakeFiles/server.dir/Users/lino/Research/pico-sdk/src/rp2_common/pico_stdio_usb/reset_interface.c.obj
 .rodata.stdio_usb_init.str1.4
                0x0000000010007c98       0x64 CMakeFiles/server.dir/Users/lino/Research/pico-sdk/src/rp2_common/pico_stdio_usb/stdio_usb.c.obj
 .rodata.str1.4
                0x0000000010007c98       0x13 CMakeFiles/server.dir/Users/lino/Research/pico-sdk/src/rp2_common/pico_stdio_usb/stdio_usb.c.obj
 *fill*         0x0000000010007cab        0x1 
 .rodata.__bi_93.1
                0x0000000010007cac        0xc CMakeFiles/server.dir/Users/lino/Research/pico-sdk/src/rp2_common/pico_stdio_usb/stdio_usb.c.obj
 .rodata.__func__.0
                0x0000000010007cb8       0x15 CMakeFiles/server.dir/Users/lino/Research/pico-sdk/src/rp2_common/pico_stdio_usb/stdio_usb.c.obj
 *fill*         0x0000000010007ccd        0x3 
 .rodata.str1.4
                0x0000000010007cd0       0x2a CMakeFiles/server.dir/Users/lino/Research/pico-sdk/src/rp2_common/pico_stdio_usb/stdio_usb_descriptors.c.obj
 *fill*         0x0000000010007cfa        0x2 
 .rodata.usbd_desc_cfg
                0x0000000010007cfc       0x54 CMakeFiles/server.dir/Users/lino/Research/pico-sdk/src/rp2_common/pico_stdio_usb/stdio_usb_descriptors.c.obj
 .rodata.usbd_desc_device
                0x0000000010007d50       0x12 CMakeFiles/server.dir/Users/lino/Research/pico-sdk/src/rp2_common/pico_stdio_usb/stdio_usb_descriptors.c.obj
 *fill*         0x0000000010007d62        0x2 
 .rodata.usbd_desc_str
                0x0000000010007d64       0x18 CMakeFiles/server.dir/Users/lino/Research/pico-sdk/src/rp2_common/pico_stdio_usb/stdio_usb_descriptors.c.obj
 .rodata._hw_endpoint_alloc.str1.4
                0x0000000010007d7c       0xb9 CMakeFiles/server.dir/Users/lino/Research/pico-sdk/lib/tinyusb/src/portable/raspberrypi/rp2040/dcd_rp2040.c.obj
 *fill*         0x0000000010007e35        0x3 
 .rodata.dcd_rp2040_irq.str1.4
                0x0000000010007e38       0x14 CMakeFiles/server.dir/Users/lino/Research/pico-sdk/lib/tinyusb/src/portable/raspberrypi/rp2040/dcd_rp2040.c.obj
 .rodata.dcd_int_enable.str1.4
                0x0000000010007e4c        0xc CMakeFiles/server.dir/Users/lino/Research/pico-sdk/lib/tinyusb/src/portable/raspberrypi/rp2040/dcd_rp2040.c.obj
 .rodata.__func__.0
                0x0000000010007e58        0xe CMakeFiles/server.dir/Users/lino/Research/pico-sdk/lib/tinyusb/src/portable/raspberrypi/rp2040/dcd_rp2040.c.obj
 *fill*         0x0000000010007e66        0x2 
 .rodata.__func__.1
                0x0000000010007e68        0xe CMakeFiles/server.dir/Users/lino/Research/pico-sdk/lib/tinyusb/src/portable/raspberrypi/rp2040/dcd_rp2040.c.obj
 *fill*         0x0000000010007e76        0x2 
 .rodata.__func__.3
                0x0000000010007e78       0x10 CMakeFiles/server.dir/Users/lino/Research/pico-sdk/lib/tinyusb/src/portable/raspberrypi/rp2040/dcd_rp2040.c.obj
 .rodata.__func__.5
                0x0000000010007e88        0xf CMakeFiles/server.dir/Users/lino/Research/pico-sdk/lib/tinyusb/src/portable/raspberrypi/rp2040/dcd_rp2040.c.obj
 *fill*         0x0000000010007e97        0x1 
 .rodata.__func__.6
                0x0000000010007e98       0x13 CMakeFiles/server.dir/Users/lino/Research/pico-sdk/lib/tinyusb/src/portable/raspberrypi/rp2040/dcd_rp2040.c.obj
 *fill*         0x0000000010007eab        0x1 
 .rodata.__func__.7
                0x0000000010007eac        0x9 CMakeFiles/server.dir/Users/lino/Research/pico-sdk/lib/tinyusb/src/portable/raspberrypi/rp2040/dcd_rp2040.c.obj
 *fill*         0x0000000010007eb5        0x3 
 .rodata.sync_ep_buffer.str1.4
                0x0000000010007eb8       0x95 CMakeFiles/server.dir/Users/lino/Research/pico-sdk/lib/tinyusb/src/portable/raspberrypi/rp2040/rp2040_usb.c.obj
 *fill*         0x0000000010007f4d        0x3 
 .rodata._hw_endpoint_buffer_control_update32.str1.4
                0x0000000010007f50       0x1f CMakeFiles/server.dir/Users/lino/Research/pico-sdk/lib/tinyusb/src/portable/raspberrypi/rp2040/rp2040_usb.c.obj
 *fill*         0x0000000010007f6f        0x1 
 .rodata.hw_endpoint_xfer_start.str1.4
                0x0000000010007f70       0x38 CMakeFiles/server.dir/Users/lino/Research/pico-sdk/lib/tinyusb/src/portable/raspberrypi/rp2040/rp2040_usb.c.obj
 .rodata.hw_endpoint_xfer_continue.str1.4
                0x0000000010007fa8       0x29 CMakeFiles/server.dir/Users/lino/Research/pico-sdk/lib/tinyusb/src/portable/raspberrypi/rp2040/rp2040_usb.c.obj
 *fill*         0x0000000010007fd1        0x3 
 .rodata.str1.4
                0x0000000010007fd4        0x7 CMakeFiles/server.dir/Users/lino/Research/pico-sdk/lib/tinyusb/src/portable/raspberrypi/rp2040/rp2040_usb.c.obj
 *fill*         0x0000000010007fdb        0x1 
 .rodata.__func__.0
                0x0000000010007fdc        0xf CMakeFiles/server.dir/Users/lino/Research/pico-sdk/lib/tinyusb/src/portable/raspberrypi/rp2040/rp2040_usb.c.obj
 *fill*         0x0000000010007feb        0x1 
 .rodata.process_set_config.str1.4
                0x0000000010007fec       0x17 CMakeFiles/server.dir/Users/lino/Research/pico-sdk/lib/tinyusb/src/device/usbd.c.obj
 *fill*         0x0000000010008003        0x1 
 .rodata.process_get_descriptor
                0x0000000010008004       0x40 CMakeFiles/server.dir/Users/lino/Research/pico-sdk/lib/tinyusb/src/device/usbd.c.obj
 .rodata.process_control_request
                0x0000000010008044       0x28 CMakeFiles/server.dir/Users/lino/Research/pico-sdk/lib/tinyusb/src/device/usbd.c.obj
 .rodata.tud_task
                0x000000001000806c       0x24 CMakeFiles/server.dir/Users/lino/Research/pico-sdk/lib/tinyusb/src/device/usbd.c.obj
 .rodata.__func__.2
                0x0000000010008090        0xf CMakeFiles/server.dir/Users/lino/Research/pico-sdk/lib/tinyusb/src/device/usbd.c.obj
 *fill*         0x000000001000809f        0x1 
 .rodata.__func__.3
                0x00000000100080a0        0xf CMakeFiles/server.dir/Users/lino/Research/pico-sdk/lib/tinyusb/src/device/usbd.c.obj
 *fill*         0x00000000100080af        0x1 
 .rodata.__func__.4
                0x00000000100080b0       0x14 CMakeFiles/server.dir/Users/lino/Research/pico-sdk/lib/tinyusb/src/device/usbd.c.obj
 .rodata.__func__.5
                0x00000000100080c4       0x10 CMakeFiles/server.dir/Users/lino/Research/pico-sdk/lib/tinyusb/src/device/usbd.c.obj
 .rodata.__func__.6
                0x00000000100080d4       0x17 CMakeFiles/server.dir/Users/lino/Research/pico-sdk/lib/tinyusb/src/device/usbd.c.obj
 *fill*         0x00000000100080eb        0x1 
 .rodata.__func__.7
                0x00000000100080ec       0x13 CMakeFiles/server.dir/Users/lino/Research/pico-sdk/lib/tinyusb/src/device/usbd.c.obj
 *fill*         0x00000000100080ff        0x1 
 .rodata.__func__.8
                0x0000000010008100       0x18 CMakeFiles/server.dir/Users/lino/Research/pico-sdk/lib/tinyusb/src/device/usbd.c.obj
 .rodata.__func__.9
                0x0000000010008118        0x9 CMakeFiles/server.dir/Users/lino/Research/pico-sdk/lib/tinyusb/src/device/usbd.c.obj
 *fill*         0x0000000010008121        0x3 
 .rodata._usbd_driver
                0x0000000010008124       0x18 CMakeFiles/server.dir/Users/lino/Research/pico-sdk/lib/tinyusb/src/device/usbd.c.obj
 .rodata.tud_control_xfer.str1.4
                0x000000001000813c       0x17 CMakeFiles/server.dir/Users/lino/Research/pico-sdk/lib/tinyusb/src/device/usbd_control.c.obj
 .rodata.__func__.0
                0x000000001000813c       0x15 CMakeFiles/server.dir/Users/lino/Research/pico-sdk/lib/tinyusb/src/device/usbd_control.c.obj
 *fill*         0x0000000010008151        0x3 
 .rodata.__func__.1
                0x0000000010008154       0x11 CMakeFiles/server.dir/Users/lino/Research/pico-sdk/lib/tinyusb/src/device/usbd_control.c.obj
 .rodata.tud_cdc_n_write_flush.str1.4
                0x0000000010008165       0x17 CMakeFiles/server.dir/Users/lino/Research/pico-sdk/lib/tinyusb/src/class/cdc/cdc_device.c.obj
 *fill*         0x0000000010008165        0x3 
 .rodata.__func__.0
                0x0000000010008168        0xd CMakeFiles/server.dir/Users/lino/Research/pico-sdk/lib/tinyusb/src/class/cdc/cdc_device.c.obj
 *fill*         0x0000000010008175        0x3 
 .rodata.__func__.1
                0x0000000010008178        0xa CMakeFiles/server.dir/Users/lino/Research/pico-sdk/lib/tinyusb/src/class/cdc/cdc_device.c.obj
 *fill*         0x0000000010008182        0x2 
 .rodata.__func__.2
                0x0000000010008184       0x16 CMakeFiles/server.dir/Users/lino/Research/pico-sdk/lib/tinyusb/src/class/cdc/cdc_device.c.obj
 .rodata.tusb_init.str1.4
                0x000000001000819a       0x17 CMakeFiles/server.dir/Users/lino/Research/pico-sdk/lib/tinyusb/src/tusb.c.obj
 *fill*         0x000000001000819a        0x2 
 .rodata.__func__.0
                0x000000001000819c       0x11 CMakeFiles/server.dir/Users/lino/Research/pico-sdk/lib/tinyusb/src/tusb.c.obj
 *fill*         0x00000000100081ad        0x3 
 .rodata.__func__.1
                0x00000000100081b0        0xa CMakeFiles/server.dir/Users/lino/Research/pico-sdk/lib/tinyusb/src/tusb.c.obj
 *fill*         0x00000000100081ba        0x2 
 .rodata.pico_get_unique_board_id_string.str1.4
                0x00000000100081bc       0x50 CMakeFiles/server.dir/Users/lino/Research/pico-sdk/src/rp2_common/pico_unique_id/unique_id.c.obj
 .rodata.__func__.0
                0x000000001000820c       0x20 CMakeFiles/server.dir/Users/lino/Research/pico-sdk/src/rp2_common/pico_unique_id/unique_id.c.obj
 .rodata.str1.4
                0x000000001000822c      0x15a CMakeFiles/server.dir/Users/lino/Research/pico-sdk/src/rp2_common/hardware_flash/flash.c.obj
 *fill*         0x0000000010008386        0x2 
 .rodata.__func__.0
                0x0000000010008388        0xd CMakeFiles/server.dir/Users/lino/Research/pico-sdk/src/rp2_common/hardware_flash/flash.c.obj
                0x0000000010008398                . = ALIGN (0x4)
 *fill*         0x0000000010008395        0x3 
 *(SORT_BY_ALIGNMENT(SORT_BY_NAME(.flashdata*)))
                0x0000000010008398                . = ALIGN (0x4)

.rel.dyn        0x0000000010008398        0x0
 .rel.iplt      0x0000000010008398        0x0 /usr/local/Cellar/arm-none-eabi-gcc/10.3-2021.07/gcc/bin/../lib/gcc/arm-none-eabi/10.3.1/thumb/v6-m/nofp/crtbegin.o

.ARM.extab
 *(.ARM.extab* .gnu.linkonce.armextab.*)
                0x0000000010008398                __exidx_start = .

.ARM.exidx
 *(.ARM.exidx* .gnu.linkonce.armexidx.*)
                0x0000000010008398                __exidx_end = .
                0x0000000010008398                . = ALIGN (0x4)
                0x0000000010008398                __binary_info_start = .

.binary_info    0x0000000010008398       0x24
 *(.binary_info.keep.*)
 .binary_info.keep.__bi_ptr22
                0x0000000010008398        0x4 CMakeFiles/server.dir/Users/lino/Research/pico-sdk/src/rp2_common/pico_standard_link/binary_info.c.obj
 .binary_info.keep.__bi_ptr30
                0x000000001000839c        0x4 CMakeFiles/server.dir/Users/lino/Research/pico-sdk/src/rp2_common/pico_standard_link/binary_info.c.obj
 .binary_info.keep.__bi_ptr38
                0x00000000100083a0        0x4 CMakeFiles/server.dir/Users/lino/Research/pico-sdk/src/rp2_common/pico_standard_link/binary_info.c.obj
 .binary_info.keep.__bi_ptr44
                0x00000000100083a4        0x4 CMakeFiles/server.dir/Users/lino/Research/pico-sdk/src/rp2_common/pico_standard_link/binary_info.c.obj
 .binary_info.keep.__bi_ptr50
                0x00000000100083a8        0x4 CMakeFiles/server.dir/Users/lino/Research/pico-sdk/src/rp2_common/pico_standard_link/binary_info.c.obj
 .binary_info.keep.__bi_ptr56
                0x00000000100083ac        0x4 CMakeFiles/server.dir/Users/lino/Research/pico-sdk/src/rp2_common/pico_standard_link/binary_info.c.obj
 .binary_info.keep.__bi_ptr75
                0x00000000100083b0        0x4 CMakeFiles/server.dir/Users/lino/Research/pico-sdk/src/rp2_common/pico_standard_link/binary_info.c.obj
 .binary_info.keep.__bi_ptr81
                0x00000000100083b4        0x4 CMakeFiles/server.dir/Users/lino/Research/pico-sdk/src/rp2_common/pico_standard_link/binary_info.c.obj
 *(.binary_info.*)
 .binary_info.__bi_ptr93
                0x00000000100083b8        0x4 CMakeFiles/server.dir/Users/lino/Research/pico-sdk/src/rp2_common/pico_stdio_usb/stdio_usb.c.obj
                0x00000000100083bc                __binary_info_end = .
                0x00000000100083bc                . = ALIGN (0x4)
                0x00000000100083bc                __etext = .

.ram_vector_table
                0x0000000020000000       0xc0
 *(.ram_vector_table)
 .ram_vector_table
                0x0000000020000000       0xc0 CMakeFiles/server.dir/Users/lino/Research/pico-sdk/src/rp2_common/pico_runtime/runtime.c.obj
                0x0000000020000000                ram_vector_table

.data           0x00000000200000c0      0x460 load address 0x00000000100083bc
                0x00000000200000c0                __data_start__ = .
 *(vtable)
 *(.time_critical*)
 .time_critical.mutex_enter_blocking
                0x00000000200000c0       0x48 CMakeFiles/server.dir/Users/lino/Research/pico-sdk/src/common/pico_sync/mutex.c.obj
                0x00000000200000c0                mutex_enter_blocking
 .time_critical.mutex_try_enter
                0x0000000020000108       0x46 CMakeFiles/server.dir/Users/lino/Research/pico-sdk/src/common/pico_sync/mutex.c.obj
                0x0000000020000108                mutex_try_enter
 *fill*         0x000000002000014e        0x2 
 .time_critical.mutex_enter_block_until
                0x0000000020000150       0x8c CMakeFiles/server.dir/Users/lino/Research/pico-sdk/src/common/pico_sync/mutex.c.obj
                0x0000000020000150                mutex_enter_block_until
 .time_critical.mutex_enter_timeout_ms
                0x00000000200001dc       0x74 CMakeFiles/server.dir/Users/lino/Research/pico-sdk/src/common/pico_sync/mutex.c.obj
                0x00000000200001dc                mutex_enter_timeout_ms
 .time_critical.mutex_exit
                0x0000000020000250       0x4c CMakeFiles/server.dir/Users/lino/Research/pico-sdk/src/common/pico_sync/mutex.c.obj
                0x0000000020000250                mutex_exit
 .time_critical.flash_init_boot2_copyout
                0x000000002000029c       0x30 CMakeFiles/server.dir/Users/lino/Research/pico-sdk/src/rp2_common/hardware_flash/flash.c.obj
 .time_critical.flash_enable_xip_via_boot2
                0x00000000200002cc       0x10 CMakeFiles/server.dir/Users/lino/Research/pico-sdk/src/rp2_common/hardware_flash/flash.c.obj
 .time_critical.flash_cs_force
                0x00000000200002dc       0x28 CMakeFiles/server.dir/Users/lino/Research/pico-sdk/src/rp2_common/hardware_flash/flash.c.obj
 .time_critical.flash_do_cmd
                0x0000000020000304       0xd8 CMakeFiles/server.dir/Users/lino/Research/pico-sdk/src/rp2_common/hardware_flash/flash.c.obj
                0x0000000020000304                flash_do_cmd
 *(.text*)
 .text          0x00000000200003dc        0x4 /usr/local/Cellar/arm-none-eabi-gcc/10.3-2021.07/gcc/bin/../lib/gcc/arm-none-eabi/10.3.1/thumb/v6-m/nofp/libgcc.a(_dvmd_tls.o)
                0x00000000200003dc                __aeabi_ldiv0
                0x00000000200003dc                __aeabi_idiv0
 .text.__stub   0x00000000200003e0       0x40 linker stubs
                0x0000000020000420                . = ALIGN (0x4)
 *(.rodata*)
                0x0000000020000420                . = ALIGN (0x4)
 *(.data*)
 .data.striped_spin_lock_num
                0x0000000020000420        0x1 CMakeFiles/server.dir/Users/lino/Research/pico-sdk/src/rp2_common/hardware_sync/sync.c.obj
 *fill*         0x0000000020000421        0x3 
 .data.default_alarm_pool
                0x0000000020000424       0x18 CMakeFiles/server.dir/Users/lino/Research/pico-sdk/src/common/pico_time/time.c.obj
 .data.default_alarm_pool_heap
                0x000000002000043c       0x10 CMakeFiles/server.dir/Users/lino/Research/pico-sdk/src/common/pico_time/time.c.obj
 .data          0x000000002000044c       0x48 CMakeFiles/server.dir/Users/lino/Research/pico-sdk/src/rp2_common/hardware_irq/irq_handler_chain.S.obj
                0x000000002000044c                irq_handler_chain_slots
                0x000000002000047c                irq_handler_chain_first_slot
                0x0000000020000486                irq_handler_chain_remove_tail
 *fill*         0x0000000020000494        0xc 
 .data.aeabi_bits_funcs
                0x00000000200004a0       0x10 CMakeFiles/server.dir/Users/lino/Research/pico-sdk/src/rp2_common/pico_bit_ops/bit_ops_aeabi.S.obj
                0x00000000200004a0                aeabi_bits_funcs
                0x00000000200004b0                aeabi_bits_funcs_end
 .data.aeabi_mem_funcs
                0x00000000200004b0       0x10 CMakeFiles/server.dir/Users/lino/Research/pico-sdk/src/rp2_common/pico_mem_ops/mem_ops_aeabi.S.obj
                0x00000000200004b0                aeabi_mem_funcs
                0x00000000200004c0                aeabi_mem_funcs_end
 .data.stdio_usb
                0x00000000200004c0       0x14 CMakeFiles/server.dir/Users/lino/Research/pico-sdk/src/rp2_common/pico_stdio_usb/stdio_usb.c.obj
                0x00000000200004c0                stdio_usb
 .data.ep_dir_string
                0x00000000200004d4        0x8 CMakeFiles/server.dir/Users/lino/Research/pico-sdk/lib/tinyusb/src/portable/raspberrypi/rp2040/rp2040_usb.c.obj
                0x00000000200004d4                ep_dir_string
 .data._usbd_qdef
                0x00000000200004dc       0x24 CMakeFiles/server.dir/Users/lino/Research/pico-sdk/lib/tinyusb/src/device/usbd.c.obj
                0x00000000200004dc                _usbd_qdef
                0x0000000020000500                . = ALIGN (0x4)
 *(.after_data.*)
                0x0000000020000500                . = ALIGN (0x4)
                0x0000000020000500                PROVIDE (__mutex_array_start = .)
 *(SORT_BY_NAME(.mutex_array.*))
 *(.mutex_array)
 .mutex_array   0x0000000020000500        0x8 CMakeFiles/server.dir/Users/lino/Research/pico-sdk/src/rp2_common/pico_stdio/stdio.c.obj
                0x0000000020000508                PROVIDE (__mutex_array_end = .)
                0x0000000020000508                . = ALIGN (0x4)
                0x0000000020000508                PROVIDE (__preinit_array_start = .)
 *(SORT_BY_NAME(.preinit_array.*))
 .preinit_array.00001
                0x0000000020000508        0x4 CMakeFiles/server.dir/Users/lino/Research/pico-sdk/src/rp2_common/pico_mem_ops/mem_ops_aeabi.S.obj
 .preinit_array.00010
                0x000000002000050c        0x4 CMakeFiles/server.dir/Users/lino/Research/pico-sdk/src/rp2_common/pico_bit_ops/bit_ops_aeabi.S.obj
 .preinit_array.00020
                0x0000000020000510        0x4 CMakeFiles/server.dir/Users/lino/Research/pico-sdk/src/rp2_common/pico_double/double_aeabi.S.obj
 .preinit_array.00020
                0x0000000020000514        0x4 CMakeFiles/server.dir/Users/lino/Research/pico-sdk/src/rp2_common/pico_float/float_aeabi.S.obj
 *(.preinit_array)
                0x0000000020000518                PROVIDE (__preinit_array_end = .)
                0x0000000020000518                . = ALIGN (0x4)
                0x0000000020000518                PROVIDE (__init_array_start = .)
 *(SORT_BY_NAME(.init_array.*))
 *(.init_array)
 .init_array    0x0000000020000518        0x4 /usr/local/Cellar/arm-none-eabi-gcc/10.3-2021.07/gcc/bin/../lib/gcc/arm-none-eabi/10.3.1/thumb/v6-m/nofp/crtbegin.o
 .init_array    0x000000002000051c        0x4 CMakeFiles/server.dir/Users/lino/Research/pico-sdk/src/rp2_common/pico_unique_id/unique_id.c.obj
                0x0000000020000520                PROVIDE (__init_array_end = .)
                0x0000000020000520                . = ALIGN (0x4)
                [!provide]                        PROVIDE (__fini_array_start = .)
 *(SORT_BY_NAME(.fini_array.*))
 *(.fini_array)
                [!provide]                        PROVIDE (__fini_array_end = .)
 *(.jcr)
                0x0000000020000520                . = ALIGN (0x4)
                0x0000000020000520                __data_end__ = .

.igot.plt       0x0000000020000520        0x0 load address 0x000000001000881c
 .igot.plt      0x0000000020000520        0x0 /usr/local/Cellar/arm-none-eabi-gcc/10.3-2021.07/gcc/bin/../lib/gcc/arm-none-eabi/10.3.1/thumb/v6-m/nofp/crtbegin.o

.uninitialized_data
                0x0000000020000520        0x0 load address 0x000000001000881c
                0x0000000020000520                . = ALIGN (0x4)
 *(.uninitialized_data*)

.scratch_x      0x0000000020040000        0x0 load address 0x000000001000881c
                0x0000000020040000                __scratch_x_start__ = .
 *(.scratch_x.*)
                0x0000000020040000                . = ALIGN (0x4)
                0x0000000020040000                __scratch_x_end__ = .
                0x000000001000881c                __scratch_x_source__ = LOADADDR (.scratch_x)

.scratch_y      0x0000000020041000        0x0 load address 0x000000001000881c
                0x0000000020041000                __scratch_y_start__ = .
 *(.scratch_y.*)
                0x0000000020041000                . = ALIGN (0x4)
                0x0000000020041000                __scratch_y_end__ = .
                0x000000001000881c                __scratch_y_source__ = LOADADDR (.scratch_y)
